------------------------------------------------------------
Timing Analyzer Summary
------------------------------------------------------------

Type  : Slow 1100mV 85C Model Setup 'clk'
Slack : -0.042
TNS   : -0.090

Type  : Slow 1100mV 85C Model Hold 'clk'
Slack : 0.416
TNS   : 0.000

Type  : Slow 1100mV 85C Model Minimum Pulse Width 'clk'
Slack : -0.394
TNS   : -2.052

Type  : Slow 1100mV 0C Model Setup 'clk'
Slack : -0.052
TNS   : -0.109

Type  : Slow 1100mV 0C Model Hold 'clk'
Slack : 0.419
TNS   : 0.000

Type  : Slow 1100mV 0C Model Minimum Pulse Width 'clk'
Slack : -0.394
TNS   : -2.266

Type  : Fast 1100mV 85C Model Setup 'clk'
Slack : 0.363
TNS   : 0.000

Type  : Fast 1100mV 85C Model Hold 'clk'
Slack : 0.265
TNS   : 0.000

Type  : Fast 1100mV 85C Model Minimum Pulse Width 'clk'
Slack : -0.082
TNS   : -0.326

Type  : Fast 1100mV 0C Model Setup 'clk'
Slack : 0.392
TNS   : 0.000

Type  : Fast 1100mV 0C Model Hold 'clk'
Slack : 0.256
TNS   : 0.000

Type  : Fast 1100mV 0C Model Minimum Pulse Width 'clk'
Slack : -0.084
TNS   : -0.332

------------------------------------------------------------
