Archive member included to satisfy reference by file (symbol)

c:/intelfpga_lite/18.1/nios2eds/bin/gnu/h-x86_64-mingw32/bin/../lib/gcc/nios2-elf/5.3.0/mno-hw-mul\libgcc.a(lib2-mul.o)
                              obj/default/lab5.o (__mulsi3)
../lab5_bsp/\libhal_bsp.a(alt_load.o)
                              ../lab5_bsp//obj/HAL/src/crt0.o (alt_load)
../lab5_bsp/\libhal_bsp.a(alt_main.o)
                              ../lab5_bsp//obj/HAL/src/crt0.o (alt_main)
../lab5_bsp/\libhal_bsp.a(alt_sys_init.o)
                              ../lab5_bsp/\libhal_bsp.a(alt_main.o) (alt_irq_init)
../lab5_bsp/\libhal_bsp.a(altera_avalon_jtag_uart_fd.o)
                              ../lab5_bsp/\libhal_bsp.a(alt_sys_init.o) (altera_avalon_jtag_uart_read_fd)
../lab5_bsp/\libhal_bsp.a(altera_avalon_jtag_uart_init.o)
                              ../lab5_bsp/\libhal_bsp.a(alt_sys_init.o) (altera_avalon_jtag_uart_init)
../lab5_bsp/\libhal_bsp.a(altera_avalon_jtag_uart_ioctl.o)
                              ../lab5_bsp/\libhal_bsp.a(altera_avalon_jtag_uart_fd.o) (altera_avalon_jtag_uart_ioctl)
../lab5_bsp/\libhal_bsp.a(altera_avalon_jtag_uart_read.o)
                              ../lab5_bsp/\libhal_bsp.a(altera_avalon_jtag_uart_fd.o) (altera_avalon_jtag_uart_read)
../lab5_bsp/\libhal_bsp.a(altera_avalon_jtag_uart_write.o)
                              ../lab5_bsp/\libhal_bsp.a(altera_avalon_jtag_uart_fd.o) (altera_avalon_jtag_uart_write)
../lab5_bsp/\libhal_bsp.a(altera_avalon_spi.o)
                              obj/default/lab5.o (alt_avalon_spi_command)
../lab5_bsp/\libhal_bsp.a(altera_avalon_timer_sc.o)
                              ../lab5_bsp/\libhal_bsp.a(alt_sys_init.o) (alt_avalon_timer_sc_init)
../lab5_bsp/\libhal_bsp.a(alt_alarm_start.o)
                              ../lab5_bsp/\libhal_bsp.a(altera_avalon_jtag_uart_init.o) (alt_alarm_start)
../lab5_bsp/\libhal_bsp.a(alt_close.o)
                              ../lab5_bsp/\libhal_bsp.a(alt_main.o) (close)
../lab5_bsp/\libhal_bsp.a(alt_dcache_flush_all.o)
                              ../lab5_bsp/\libhal_bsp.a(alt_load.o) (alt_dcache_flush_all)
../lab5_bsp/\libhal_bsp.a(alt_dev.o)
                              ../lab5_bsp/\libhal_bsp.a(alt_sys_init.o) (alt_dev_list)
../lab5_bsp/\libhal_bsp.a(alt_dev_llist_insert.o)
                              ../lab5_bsp/\libhal_bsp.a(alt_sys_init.o) (alt_dev_llist_insert)
../lab5_bsp/\libhal_bsp.a(alt_do_ctors.o)
                              ../lab5_bsp/\libhal_bsp.a(alt_main.o) (_do_ctors)
../lab5_bsp/\libhal_bsp.a(alt_do_dtors.o)
                              ../lab5_bsp/\libhal_bsp.a(alt_main.o) (_do_dtors)
../lab5_bsp/\libhal_bsp.a(alt_errno.o)
                              ../lab5_bsp/\libhal_bsp.a(alt_close.o) (alt_errno)
../lab5_bsp/\libhal_bsp.a(alt_icache_flush_all.o)
                              ../lab5_bsp/\libhal_bsp.a(alt_load.o) (alt_icache_flush_all)
../lab5_bsp/\libhal_bsp.a(alt_iic.o)
                              ../lab5_bsp/\libhal_bsp.a(altera_avalon_jtag_uart_init.o) (alt_ic_isr_register)
../lab5_bsp/\libhal_bsp.a(alt_iic_isr_register.o)
                              ../lab5_bsp/\libhal_bsp.a(alt_iic.o) (alt_iic_isr_register)
../lab5_bsp/\libhal_bsp.a(alt_io_redirect.o)
                              ../lab5_bsp/\libhal_bsp.a(alt_main.o) (alt_io_redirect)
../lab5_bsp/\libhal_bsp.a(alt_irq_entry.o)
                              ../lab5_bsp/\libhal_bsp.a(alt_iic_isr_register.o) (alt_irq_entry)
../lab5_bsp/\libhal_bsp.a(alt_irq_handler.o)
                              ../lab5_bsp/\libhal_bsp.a(alt_iic_isr_register.o) (alt_irq)
../lab5_bsp/\libhal_bsp.a(alt_irq_vars.o)
                              ../lab5_bsp/\libhal_bsp.a(alt_iic.o) (alt_irq_active)
../lab5_bsp/\libhal_bsp.a(alt_open.o)
                              ../lab5_bsp/\libhal_bsp.a(alt_io_redirect.o) (open)
../lab5_bsp/\libhal_bsp.a(alt_release_fd.o)
                              ../lab5_bsp/\libhal_bsp.a(alt_close.o) (alt_release_fd)
../lab5_bsp/\libhal_bsp.a(alt_tick.o)
                              ../lab5_bsp/\libhal_bsp.a(altera_avalon_jtag_uart_init.o) (_alt_tick_rate)
../lab5_bsp/\libhal_bsp.a(altera_nios2_gen2_irq.o)
                              ../lab5_bsp/\libhal_bsp.a(alt_sys_init.o) (altera_nios2_gen2_irq_init)
../lab5_bsp/\libhal_bsp.a(alt_exception_entry.o)
                              ../lab5_bsp/\libhal_bsp.a(alt_irq_entry.o) (alt_exception)
../lab5_bsp/\libhal_bsp.a(alt_find_dev.o)
                              ../lab5_bsp/\libhal_bsp.a(alt_open.o) (alt_find_dev)
../lab5_bsp/\libhal_bsp.a(alt_find_file.o)
                              ../lab5_bsp/\libhal_bsp.a(alt_open.o) (alt_find_file)
../lab5_bsp/\libhal_bsp.a(alt_get_fd.o)
                              ../lab5_bsp/\libhal_bsp.a(alt_open.o) (alt_get_fd)
../lab5_bsp/\libhal_bsp.a(alt_instruction_exception_entry.o)
                              ../lab5_bsp/\libhal_bsp.a(alt_exception_entry.o) (alt_instruction_exception_entry)
c:/intelfpga_lite/18.1/nios2eds/bin/gnu/h-x86_64-mingw32/bin/../lib/gcc/nios2-elf/5.3.0/../../../../../H-x86_64-mingw32/nios2-elf/lib/mno-hw-mul\libc.a(lib_a-atexit.o)
                              ../lab5_bsp/\libhal_bsp.a(alt_main.o) (atexit)
c:/intelfpga_lite/18.1/nios2eds/bin/gnu/h-x86_64-mingw32/bin/../lib/gcc/nios2-elf/5.3.0/../../../../../H-x86_64-mingw32/nios2-elf/lib/mno-hw-mul\libc.a(lib_a-exit.o)
                              ../lab5_bsp/\libhal_bsp.a(alt_main.o) (exit)
c:/intelfpga_lite/18.1/nios2eds/bin/gnu/h-x86_64-mingw32/bin/../lib/gcc/nios2-elf/5.3.0/../../../../../H-x86_64-mingw32/nios2-elf/lib/mno-hw-mul\libc.a(lib_a-impure.o)
                              c:/intelfpga_lite/18.1/nios2eds/bin/gnu/h-x86_64-mingw32/bin/../lib/gcc/nios2-elf/5.3.0/../../../../../H-x86_64-mingw32/nios2-elf/lib/mno-hw-mul\libc.a(lib_a-exit.o) (_global_impure_ptr)
c:/intelfpga_lite/18.1/nios2eds/bin/gnu/h-x86_64-mingw32/bin/../lib/gcc/nios2-elf/5.3.0/../../../../../H-x86_64-mingw32/nios2-elf/lib/mno-hw-mul\libc.a(lib_a-int_errno.o)
                              ../lab5_bsp/\libhal_bsp.a(alt_close.o) (errno)
c:/intelfpga_lite/18.1/nios2eds/bin/gnu/h-x86_64-mingw32/bin/../lib/gcc/nios2-elf/5.3.0/../../../../../H-x86_64-mingw32/nios2-elf/lib/mno-hw-mul\libc.a(lib_a-memcmp.o)
                              ../lab5_bsp/\libhal_bsp.a(alt_find_dev.o) (memcmp)
c:/intelfpga_lite/18.1/nios2eds/bin/gnu/h-x86_64-mingw32/bin/../lib/gcc/nios2-elf/5.3.0/../../../../../H-x86_64-mingw32/nios2-elf/lib/mno-hw-mul\libc.a(lib_a-memcpy.o)
                              ../lab5_bsp/\libhal_bsp.a(altera_avalon_jtag_uart_read.o) (memcpy)
c:/intelfpga_lite/18.1/nios2eds/bin/gnu/h-x86_64-mingw32/bin/../lib/gcc/nios2-elf/5.3.0/../../../../../H-x86_64-mingw32/nios2-elf/lib/mno-hw-mul\libc.a(lib_a-strlen.o)
                              ../lab5_bsp/\libhal_bsp.a(alt_find_dev.o) (strlen)
c:/intelfpga_lite/18.1/nios2eds/bin/gnu/h-x86_64-mingw32/bin/../lib/gcc/nios2-elf/5.3.0/../../../../../H-x86_64-mingw32/nios2-elf/lib/mno-hw-mul\libc.a(lib_a-__atexit.o)
                              c:/intelfpga_lite/18.1/nios2eds/bin/gnu/h-x86_64-mingw32/bin/../lib/gcc/nios2-elf/5.3.0/../../../../../H-x86_64-mingw32/nios2-elf/lib/mno-hw-mul\libc.a(lib_a-atexit.o) (__register_exitproc)
c:/intelfpga_lite/18.1/nios2eds/bin/gnu/h-x86_64-mingw32/bin/../lib/gcc/nios2-elf/5.3.0/../../../../../H-x86_64-mingw32/nios2-elf/lib/mno-hw-mul\libc.a(lib_a-__call_atexit.o)
                              c:/intelfpga_lite/18.1/nios2eds/bin/gnu/h-x86_64-mingw32/bin/../lib/gcc/nios2-elf/5.3.0/../../../../../H-x86_64-mingw32/nios2-elf/lib/mno-hw-mul\libc.a(lib_a-exit.o) (__call_exitprocs)
../lab5_bsp/\libhal_bsp.a(alt_exit.o)
                              c:/intelfpga_lite/18.1/nios2eds/bin/gnu/h-x86_64-mingw32/bin/../lib/gcc/nios2-elf/5.3.0/../../../../../H-x86_64-mingw32/nios2-elf/lib/mno-hw-mul\libc.a(lib_a-exit.o) (_exit)

Allocating common symbols
Common symbol       size              file

alt_irq             0x100             ../lab5_bsp/\libhal_bsp.a(alt_irq_handler.o)
errno               0x4               c:/intelfpga_lite/18.1/nios2eds/bin/gnu/h-x86_64-mingw32/bin/../lib/gcc/nios2-elf/5.3.0/../../../../../H-x86_64-mingw32/nios2-elf/lib/mno-hw-mul\libc.a(lib_a-int_errno.o)

Memory Configuration

Name             Origin             Length             Attributes
reset            0x0000000000010000 0x0000000000000020
memory           0x0000000000010020 0x000000000000bfe0
*default*        0x0000000000000000 0xffffffffffffffff

Linker script and memory map

LOAD ../lab5_bsp//obj/HAL/src/crt0.o
LOAD obj/default/lab5.o
LOAD c:/intelfpga_lite/18.1/nios2eds/bin/gnu/h-x86_64-mingw32/bin/../lib/gcc/nios2-elf/5.3.0/../../../../../H-x86_64-mingw32/nios2-elf/lib/mno-hw-mul\libstdc++.a
LOAD c:/intelfpga_lite/18.1/nios2eds/bin/gnu/h-x86_64-mingw32/bin/../lib/gcc/nios2-elf/5.3.0/../../../../../H-x86_64-mingw32/nios2-elf/lib/mno-hw-mul\libm.a
LOAD c:/intelfpga_lite/18.1/nios2eds/bin/gnu/h-x86_64-mingw32/bin/../lib/gcc/nios2-elf/5.3.0/mno-hw-mul\libgcc.a
START GROUP
LOAD c:/intelfpga_lite/18.1/nios2eds/bin/gnu/h-x86_64-mingw32/bin/../lib/gcc/nios2-elf/5.3.0/../../../../../H-x86_64-mingw32/nios2-elf/lib/mno-hw-mul\libc.a
LOAD c:/intelfpga_lite/18.1/nios2eds/bin/gnu/h-x86_64-mingw32/bin/../lib/gcc/nios2-elf/5.3.0/mno-hw-mul\libgcc.a
LOAD ../lab5_bsp/\libhal_bsp.a
LOAD c:/intelfpga_lite/18.1/nios2eds/bin/gnu/h-x86_64-mingw32/bin/../lib/gcc/nios2-elf/5.3.0/../../../../../H-x86_64-mingw32/nios2-elf/lib/mno-hw-mul\libm.a
END GROUP
LOAD c:/intelfpga_lite/18.1/nios2eds/bin/gnu/h-x86_64-mingw32/bin/../lib/gcc/nios2-elf/5.3.0/mno-hw-mul\libgcc.a
                0x0000000000010000                __alt_mem_memory = 0x10000

.entry          0x0000000000010000       0x20
 *(.entry)
 .entry         0x0000000000010000       0x20 ../lab5_bsp//obj/HAL/src/crt0.o
                0x0000000000010000                __reset

.exceptions     0x0000000000010020      0x210
                0x0000000000010020                PROVIDE (__ram_exceptions_start, ABSOLUTE (.))
                0x0000000000010020                . = ALIGN (0x20)
 *(.irq)
 *(.exceptions.entry.label)
 .exceptions.entry.label
                0x0000000000010020        0x0 ../lab5_bsp/\libhal_bsp.a(alt_irq_entry.o)
                0x0000000000010020                alt_irq_entry
 .exceptions.entry.label
                0x0000000000010020        0x0 ../lab5_bsp/\libhal_bsp.a(alt_exception_entry.o)
                0x0000000000010020                alt_exception
 *(.exceptions.entry.user)
 *(.exceptions.entry.ecc_fatal)
 *(.exceptions.entry)
 .exceptions.entry
                0x0000000000010020       0x54 ../lab5_bsp/\libhal_bsp.a(alt_exception_entry.o)
 *(.exceptions.irqtest.user)
 *(.exceptions.irqtest)
 .exceptions.irqtest
                0x0000000000010074       0x10 ../lab5_bsp/\libhal_bsp.a(alt_irq_entry.o)
 *(.exceptions.irqhandler.user)
 *(.exceptions.irqhandler)
 .exceptions.irqhandler
                0x0000000000010084        0x4 ../lab5_bsp/\libhal_bsp.a(alt_irq_entry.o)
 *(.exceptions.irqreturn.user)
 *(.exceptions.irqreturn)
 .exceptions.irqreturn
                0x0000000000010088        0x4 ../lab5_bsp/\libhal_bsp.a(alt_irq_entry.o)
 *(.exceptions.notirq.label)
 .exceptions.notirq.label
                0x000000000001008c        0x0 ../lab5_bsp/\libhal_bsp.a(alt_irq_entry.o)
 *(.exceptions.notirq.user)
 *(.exceptions.notirq)
 .exceptions.notirq
                0x000000000001008c        0x8 ../lab5_bsp/\libhal_bsp.a(alt_exception_entry.o)
 *(.exceptions.soft.user)
 *(.exceptions.soft)
 *(.exceptions.unknown.user)
 *(.exceptions.unknown)
 .exceptions.unknown
                0x0000000000010094       0x14 ../lab5_bsp/\libhal_bsp.a(alt_exception_entry.o)
 *(.exceptions.exit.label)
 .exceptions.exit.label
                0x00000000000100a8        0x0 ../lab5_bsp/\libhal_bsp.a(alt_irq_entry.o)
 .exceptions.exit.label
                0x00000000000100a8        0x0 ../lab5_bsp/\libhal_bsp.a(alt_exception_entry.o)
 *(.exceptions.exit.user)
 *(.exceptions.exit)
 .exceptions.exit
                0x00000000000100a8       0x54 ../lab5_bsp/\libhal_bsp.a(alt_exception_entry.o)
 *(.exceptions)
 .exceptions    0x00000000000100fc       0xd4 ../lab5_bsp/\libhal_bsp.a(alt_irq_handler.o)
                0x00000000000100fc                alt_irq_handler
 .exceptions    0x00000000000101d0       0x60 ../lab5_bsp/\libhal_bsp.a(alt_instruction_exception_entry.o)
                0x00000000000101d0                alt_instruction_exception_entry
                0x0000000000010230                PROVIDE (__ram_exceptions_end, ABSOLUTE (.))
                0x0000000000010020                PROVIDE (__flash_exceptions_start, LOADADDR (.exceptions))

.text           0x0000000000010230     0x26c8
                [!provide]                        PROVIDE (stext, ABSOLUTE (.))
 *(.interp)
 *(.hash)
 *(.dynsym)
 *(.dynstr)
 *(.gnu.version)
 *(.gnu.version_d)
 *(.gnu.version_r)
 *(.rel.init)
 *(.rela.init)
 *(.rel.text .rel.text.* .rel.gnu.linkonce.t.*)
 *(.rela.text .rela.text.* .rela.gnu.linkonce.t.*)
 *(.rel.fini)
 *(.rela.fini)
 *(.rel.rodata .rel.rodata.* .rel.gnu.linkonce.r.*)
 *(.rela.rodata .rela.rodata.* .rela.gnu.linkonce.r.*)
 *(.rel.data .rel.data.* .rel.gnu.linkonce.d.*)
 *(.rela.data .rela.data.* .rela.gnu.linkonce.d.*)
 *(.rel.tdata .rel.tdata.* .rel.gnu.linkonce.td.*)
 *(.rela.tdata .rela.tdata.* .rela.gnu.linkonce.td.*)
 *(.rel.tbss .rel.tbss.* .rel.gnu.linkonce.tb.*)
 *(.rela.tbss .rela.tbss.* .rela.gnu.linkonce.tb.*)
 *(.rel.ctors)
 *(.rela.ctors)
 *(.rel.dtors)
 *(.rela.dtors)
 *(.rel.got)
 *(.rela.got)
 *(.rel.sdata .rel.sdata.* .rel.gnu.linkonce.s.*)
 *(.rela.sdata .rela.sdata.* .rela.gnu.linkonce.s.*)
 *(.rel.sbss .rel.sbss.* .rel.gnu.linkonce.sb.*)
 *(.rela.sbss .rela.sbss.* .rela.gnu.linkonce.sb.*)
 *(.rel.sdata2 .rel.sdata2.* .rel.gnu.linkonce.s2.*)
 *(.rela.sdata2 .rela.sdata2.* .rela.gnu.linkonce.s2.*)
 *(.rel.sbss2 .rel.sbss2.* .rel.gnu.linkonce.sb2.*)
 *(.rela.sbss2 .rela.sbss2.* .rela.gnu.linkonce.sb2.*)
 *(.rel.bss .rel.bss.* .rel.gnu.linkonce.b.*)
 *(.rela.bss .rela.bss.* .rela.gnu.linkonce.b.*)
 *(.rel.plt)
 *(.rela.plt)
 *(.rel.dyn)
 *(.init)
 *(.plt)
 *(.text .stub .text.* .gnu.linkonce.t.*)
 .text          0x0000000000010230       0x3c ../lab5_bsp//obj/HAL/src/crt0.o
                0x0000000000010230                _start
 .text          0x000000000001026c      0x14c obj/default/lab5.o
                0x000000000001026c                main
 .text          0x00000000000103b8       0x28 c:/intelfpga_lite/18.1/nios2eds/bin/gnu/h-x86_64-mingw32/bin/../lib/gcc/nios2-elf/5.3.0/mno-hw-mul\libgcc.a(lib2-mul.o)
                0x00000000000103b8                __mulsi3
 .text          0x00000000000103e0       0xec ../lab5_bsp/\libhal_bsp.a(alt_load.o)
                0x0000000000010448                alt_load
 .text          0x00000000000104cc       0x7c ../lab5_bsp/\libhal_bsp.a(alt_main.o)
                0x00000000000104cc                alt_main
 .text          0x0000000000010548       0xd0 ../lab5_bsp/\libhal_bsp.a(alt_sys_init.o)
                0x000000000001057c                alt_irq_init
                0x00000000000105b4                alt_sys_init
 .text          0x0000000000010618      0x164 ../lab5_bsp/\libhal_bsp.a(altera_avalon_jtag_uart_fd.o)
                0x0000000000010618                altera_avalon_jtag_uart_read_fd
                0x0000000000010678                altera_avalon_jtag_uart_write_fd
                0x00000000000106d8                altera_avalon_jtag_uart_close_fd
                0x0000000000010728                altera_avalon_jtag_uart_ioctl_fd
 .text          0x000000000001077c      0x3d4 ../lab5_bsp/\libhal_bsp.a(altera_avalon_jtag_uart_init.o)
                0x000000000001077c                altera_avalon_jtag_uart_init
                0x0000000000010ae8                altera_avalon_jtag_uart_close
 .text          0x0000000000010b50       0xf0 ../lab5_bsp/\libhal_bsp.a(altera_avalon_jtag_uart_ioctl.o)
                0x0000000000010b50                altera_avalon_jtag_uart_ioctl
 .text          0x0000000000010c40      0x21c ../lab5_bsp/\libhal_bsp.a(altera_avalon_jtag_uart_read.o)
                0x0000000000010c40                altera_avalon_jtag_uart_read
 .text          0x0000000000010e5c      0x224 ../lab5_bsp/\libhal_bsp.a(altera_avalon_jtag_uart_write.o)
                0x0000000000010e5c                altera_avalon_jtag_uart_write
 .text          0x0000000000011080      0x1fc ../lab5_bsp/\libhal_bsp.a(altera_avalon_spi.o)
                0x0000000000011080                alt_avalon_spi_command
 .text          0x000000000001127c       0xf4 ../lab5_bsp/\libhal_bsp.a(altera_avalon_timer_sc.o)
                0x00000000000112f4                alt_avalon_timer_sc_init
 .text          0x0000000000011370      0x12c ../lab5_bsp/\libhal_bsp.a(alt_alarm_start.o)
                0x0000000000011370                alt_alarm_start
 .text          0x000000000001149c      0x114 ../lab5_bsp/\libhal_bsp.a(alt_close.o)
                0x00000000000114d8                close
 .text          0x00000000000115b0       0x20 ../lab5_bsp/\libhal_bsp.a(alt_dcache_flush_all.o)
                0x00000000000115b0                alt_dcache_flush_all
 .text          0x00000000000115d0       0x2c ../lab5_bsp/\libhal_bsp.a(alt_dev.o)
 .text          0x00000000000115fc       0xe0 ../lab5_bsp/\libhal_bsp.a(alt_dev_llist_insert.o)
                0x0000000000011638                alt_dev_llist_insert
 .text          0x00000000000116dc       0x60 ../lab5_bsp/\libhal_bsp.a(alt_do_ctors.o)
                0x00000000000116dc                _do_ctors
 .text          0x000000000001173c       0x60 ../lab5_bsp/\libhal_bsp.a(alt_do_dtors.o)
                0x000000000001173c                _do_dtors
 .text          0x000000000001179c        0x0 ../lab5_bsp/\libhal_bsp.a(alt_errno.o)
 .text          0x000000000001179c       0x20 ../lab5_bsp/\libhal_bsp.a(alt_icache_flush_all.o)
                0x000000000001179c                alt_icache_flush_all
 .text          0x00000000000117bc      0x1b0 ../lab5_bsp/\libhal_bsp.a(alt_iic.o)
                0x00000000000117bc                alt_ic_isr_register
                0x000000000001180c                alt_ic_irq_enable
                0x0000000000011894                alt_ic_irq_disable
                0x0000000000011920                alt_ic_irq_enabled
 .text          0x000000000001196c       0xf0 ../lab5_bsp/\libhal_bsp.a(alt_iic_isr_register.o)
                0x000000000001196c                alt_iic_isr_register
 .text          0x0000000000011a5c      0x160 ../lab5_bsp/\libhal_bsp.a(alt_io_redirect.o)
                0x0000000000011b40                alt_io_redirect
 .text          0x0000000000011bbc        0x0 ../lab5_bsp/\libhal_bsp.a(alt_irq_entry.o)
 .text          0x0000000000011bbc        0x0 ../lab5_bsp/\libhal_bsp.a(alt_irq_handler.o)
 .text          0x0000000000011bbc        0x0 ../lab5_bsp/\libhal_bsp.a(alt_irq_vars.o)
 .text          0x0000000000011bbc      0x284 ../lab5_bsp/\libhal_bsp.a(alt_open.o)
                0x0000000000011ce4                open
 .text          0x0000000000011e40       0x84 ../lab5_bsp/\libhal_bsp.a(alt_release_fd.o)
                0x0000000000011e40                alt_release_fd
 .text          0x0000000000011ec4      0x1a4 ../lab5_bsp/\libhal_bsp.a(alt_tick.o)
                0x0000000000011ec4                alt_alarm_stop
                0x0000000000011f60                alt_tick
 .text          0x0000000000012068       0x24 ../lab5_bsp/\libhal_bsp.a(altera_nios2_gen2_irq.o)
                0x0000000000012068                altera_nios2_gen2_irq_init
 .text          0x000000000001208c        0x0 ../lab5_bsp/\libhal_bsp.a(alt_exception_entry.o)
 .text          0x000000000001208c       0x90 ../lab5_bsp/\libhal_bsp.a(alt_find_dev.o)
                0x000000000001208c                alt_find_dev
 .text          0x000000000001211c      0x108 ../lab5_bsp/\libhal_bsp.a(alt_find_file.o)
                0x000000000001211c                alt_find_file
 .text          0x0000000000012224       0xc4 ../lab5_bsp/\libhal_bsp.a(alt_get_fd.o)
                0x0000000000012224                alt_get_fd
 .text          0x00000000000122e8       0x9c ../lab5_bsp/\libhal_bsp.a(alt_instruction_exception_entry.o)
                0x00000000000122e8                alt_exception_cause_generated_bad_addr
 .text          0x0000000000012384        0x0 c:/intelfpga_lite/18.1/nios2eds/bin/gnu/h-x86_64-mingw32/bin/../lib/gcc/nios2-elf/5.3.0/../../../../../H-x86_64-mingw32/nios2-elf/lib/mno-hw-mul\libc.a(lib_a-atexit.o)
 .text.atexit   0x0000000000012384       0x14 c:/intelfpga_lite/18.1/nios2eds/bin/gnu/h-x86_64-mingw32/bin/../lib/gcc/nios2-elf/5.3.0/../../../../../H-x86_64-mingw32/nios2-elf/lib/mno-hw-mul\libc.a(lib_a-atexit.o)
                0x0000000000012384                atexit
 .text          0x0000000000012398        0x0 c:/intelfpga_lite/18.1/nios2eds/bin/gnu/h-x86_64-mingw32/bin/../lib/gcc/nios2-elf/5.3.0/../../../../../H-x86_64-mingw32/nios2-elf/lib/mno-hw-mul\libc.a(lib_a-exit.o)
 .text.exit     0x0000000000012398       0x38 c:/intelfpga_lite/18.1/nios2eds/bin/gnu/h-x86_64-mingw32/bin/../lib/gcc/nios2-elf/5.3.0/../../../../../H-x86_64-mingw32/nios2-elf/lib/mno-hw-mul\libc.a(lib_a-exit.o)
                0x0000000000012398                exit
 .text          0x00000000000123d0        0x0 c:/intelfpga_lite/18.1/nios2eds/bin/gnu/h-x86_64-mingw32/bin/../lib/gcc/nios2-elf/5.3.0/../../../../../H-x86_64-mingw32/nios2-elf/lib/mno-hw-mul\libc.a(lib_a-impure.o)
 .text          0x00000000000123d0        0x0 c:/intelfpga_lite/18.1/nios2eds/bin/gnu/h-x86_64-mingw32/bin/../lib/gcc/nios2-elf/5.3.0/../../../../../H-x86_64-mingw32/nios2-elf/lib/mno-hw-mul\libc.a(lib_a-int_errno.o)
 .text          0x00000000000123d0        0x0 c:/intelfpga_lite/18.1/nios2eds/bin/gnu/h-x86_64-mingw32/bin/../lib/gcc/nios2-elf/5.3.0/../../../../../H-x86_64-mingw32/nios2-elf/lib/mno-hw-mul\libc.a(lib_a-memcmp.o)
 .text.memcmp   0x00000000000123d0       0x7c c:/intelfpga_lite/18.1/nios2eds/bin/gnu/h-x86_64-mingw32/bin/../lib/gcc/nios2-elf/5.3.0/../../../../../H-x86_64-mingw32/nios2-elf/lib/mno-hw-mul\libc.a(lib_a-memcmp.o)
                0x00000000000123d0                memcmp
 .text          0x000000000001244c        0x0 c:/intelfpga_lite/18.1/nios2eds/bin/gnu/h-x86_64-mingw32/bin/../lib/gcc/nios2-elf/5.3.0/../../../../../H-x86_64-mingw32/nios2-elf/lib/mno-hw-mul\libc.a(lib_a-memcpy.o)
 .text.memcpy   0x000000000001244c      0x148 c:/intelfpga_lite/18.1/nios2eds/bin/gnu/h-x86_64-mingw32/bin/../lib/gcc/nios2-elf/5.3.0/../../../../../H-x86_64-mingw32/nios2-elf/lib/mno-hw-mul\libc.a(lib_a-memcpy.o)
                0x000000000001244c                memcpy
 .text          0x0000000000012594        0x0 c:/intelfpga_lite/18.1/nios2eds/bin/gnu/h-x86_64-mingw32/bin/../lib/gcc/nios2-elf/5.3.0/../../../../../H-x86_64-mingw32/nios2-elf/lib/mno-hw-mul\libc.a(lib_a-strlen.o)
 .text.strlen   0x0000000000012594       0x98 c:/intelfpga_lite/18.1/nios2eds/bin/gnu/h-x86_64-mingw32/bin/../lib/gcc/nios2-elf/5.3.0/../../../../../H-x86_64-mingw32/nios2-elf/lib/mno-hw-mul\libc.a(lib_a-strlen.o)
                0x0000000000012594                strlen
 .text          0x000000000001262c        0x0 c:/intelfpga_lite/18.1/nios2eds/bin/gnu/h-x86_64-mingw32/bin/../lib/gcc/nios2-elf/5.3.0/../../../../../H-x86_64-mingw32/nios2-elf/lib/mno-hw-mul\libc.a(lib_a-__atexit.o)
 .text.__register_exitproc
                0x000000000001262c      0x118 c:/intelfpga_lite/18.1/nios2eds/bin/gnu/h-x86_64-mingw32/bin/../lib/gcc/nios2-elf/5.3.0/../../../../../H-x86_64-mingw32/nios2-elf/lib/mno-hw-mul\libc.a(lib_a-__atexit.o)
                0x000000000001262c                __register_exitproc
 .text          0x0000000000012744        0x0 c:/intelfpga_lite/18.1/nios2eds/bin/gnu/h-x86_64-mingw32/bin/../lib/gcc/nios2-elf/5.3.0/../../../../../H-x86_64-mingw32/nios2-elf/lib/mno-hw-mul\libc.a(lib_a-__call_atexit.o)
 .text.__call_exitprocs
                0x0000000000012744      0x180 c:/intelfpga_lite/18.1/nios2eds/bin/gnu/h-x86_64-mingw32/bin/../lib/gcc/nios2-elf/5.3.0/../../../../../H-x86_64-mingw32/nios2-elf/lib/mno-hw-mul\libc.a(lib_a-__call_atexit.o)
                0x0000000000012744                __call_exitprocs
 .text          0x00000000000128c4       0x34 ../lab5_bsp/\libhal_bsp.a(alt_exit.o)
                0x00000000000128c4                _exit
 *(.gnu.warning.*)
 *(.fini)
                [!provide]                        PROVIDE (__etext, ABSOLUTE (.))
                [!provide]                        PROVIDE (_etext, ABSOLUTE (.))
                [!provide]                        PROVIDE (etext, ABSOLUTE (.))
 *(.eh_frame_hdr)
                0x00000000000128f8                . = ALIGN (0x4)
                [!provide]                        PROVIDE (__preinit_array_start, ABSOLUTE (.))
 *(.preinit_array)
                [!provide]                        PROVIDE (__preinit_array_end, ABSOLUTE (.))
                [!provide]                        PROVIDE (__init_array_start, ABSOLUTE (.))
 *(.init_array)
                [!provide]                        PROVIDE (__init_array_end, ABSOLUTE (.))
                [!provide]                        PROVIDE (__fini_array_start, ABSOLUTE (.))
 *(.fini_array)
                [!provide]                        PROVIDE (__fini_array_end, ABSOLUTE (.))
 *(.eh_frame)
 *(.gcc_except_table .gcc_except_table.*)
 *(.dynamic)
                0x00000000000128f8                PROVIDE (__CTOR_LIST__, ABSOLUTE (.))
 *(.ctors)
 *(SORT(.ctors.*))
                0x00000000000128f8                PROVIDE (__CTOR_END__, ABSOLUTE (.))
                0x00000000000128f8                PROVIDE (__DTOR_LIST__, ABSOLUTE (.))
 *(.dtors)
 *(SORT(.dtors.*))
                0x00000000000128f8                PROVIDE (__DTOR_END__, ABSOLUTE (.))
 *(.jcr)
                0x00000000000128f8                . = ALIGN (0x4)

.rodata         0x00000000000128f8       0x30
                0x00000000000128f8                PROVIDE (__ram_rodata_start, ABSOLUTE (.))
                0x00000000000128f8                . = ALIGN (0x4)
 *(.rodata .rodata.* .gnu.linkonce.r.*)
 .rodata        0x00000000000128f8        0xf ../lab5_bsp/\libhal_bsp.a(alt_main.o)
 *fill*         0x0000000000012907        0x1 
 .rodata        0x0000000000012908        0xf ../lab5_bsp/\libhal_bsp.a(alt_sys_init.o)
 *fill*         0x0000000000012917        0x1 
 .rodata        0x0000000000012918        0xa ../lab5_bsp/\libhal_bsp.a(alt_dev.o)
 *fill*         0x0000000000012922        0x2 
 .rodata.str1.4
                0x0000000000012924        0x4 c:/intelfpga_lite/18.1/nios2eds/bin/gnu/h-x86_64-mingw32/bin/../lib/gcc/nios2-elf/5.3.0/../../../../../H-x86_64-mingw32/nios2-elf/lib/mno-hw-mul\libc.a(lib_a-impure.o)
                                          0x2 (size before relaxing)
 *(.rodata1)
                0x0000000000012928                . = ALIGN (0x4)
                0x0000000000012928                PROVIDE (__ram_rodata_end, ABSOLUTE (.))
                0x00000000000128f8                PROVIDE (__flash_rodata_start, LOADADDR (.rodata))

.rwdata         0x0000000000012928     0x4680 load address 0x0000000000016fa8
                0x0000000000012928                PROVIDE (__ram_rwdata_start, ABSOLUTE (.))
                0x0000000000012928                . = ALIGN (0x4)
 *(.got.plt)
 *(.got)
 *(.data1)
 *(.data .data.* .gnu.linkonce.d.*)
 .data          0x0000000000012928        0x0 ../lab5_bsp//obj/HAL/src/crt0.o
 .data          0x0000000000012928     0x3026 obj/default/lab5.o
                0x0000000000012928                image
                0x0000000000015928                initdata
 .data          0x000000000001594e        0x0 c:/intelfpga_lite/18.1/nios2eds/bin/gnu/h-x86_64-mingw32/bin/../lib/gcc/nios2-elf/5.3.0/mno-hw-mul\libgcc.a(lib2-mul.o)
 .data          0x000000000001594e        0x0 ../lab5_bsp/\libhal_bsp.a(alt_load.o)
 .data          0x000000000001594e        0x0 ../lab5_bsp/\libhal_bsp.a(alt_main.o)
 *fill*         0x000000000001594e        0x2 
 .data          0x0000000000015950     0x1060 ../lab5_bsp/\libhal_bsp.a(alt_sys_init.o)
 .data          0x00000000000169b0        0x0 ../lab5_bsp/\libhal_bsp.a(altera_avalon_jtag_uart_fd.o)
 .data          0x00000000000169b0        0x0 ../lab5_bsp/\libhal_bsp.a(altera_avalon_jtag_uart_init.o)
 .data          0x00000000000169b0        0x0 ../lab5_bsp/\libhal_bsp.a(altera_avalon_jtag_uart_ioctl.o)
 .data          0x00000000000169b0        0x0 ../lab5_bsp/\libhal_bsp.a(altera_avalon_jtag_uart_read.o)
 .data          0x00000000000169b0        0x0 ../lab5_bsp/\libhal_bsp.a(altera_avalon_jtag_uart_write.o)
 .data          0x00000000000169b0        0x0 ../lab5_bsp/\libhal_bsp.a(altera_avalon_spi.o)
 .data          0x00000000000169b0        0x0 ../lab5_bsp/\libhal_bsp.a(altera_avalon_timer_sc.o)
 .data          0x00000000000169b0        0x0 ../lab5_bsp/\libhal_bsp.a(alt_alarm_start.o)
 .data          0x00000000000169b0        0x0 ../lab5_bsp/\libhal_bsp.a(alt_close.o)
 .data          0x00000000000169b0        0x0 ../lab5_bsp/\libhal_bsp.a(alt_dcache_flush_all.o)
 .data          0x00000000000169b0      0x1a8 ../lab5_bsp/\libhal_bsp.a(alt_dev.o)
                0x00000000000169b0                alt_dev_null
                0x00000000000169d8                alt_fd_list
 .data          0x0000000000016b58        0x0 ../lab5_bsp/\libhal_bsp.a(alt_dev_llist_insert.o)
 .data          0x0000000000016b58        0x0 ../lab5_bsp/\libhal_bsp.a(alt_do_ctors.o)
 .data          0x0000000000016b58        0x0 ../lab5_bsp/\libhal_bsp.a(alt_do_dtors.o)
 .data          0x0000000000016b58        0x0 ../lab5_bsp/\libhal_bsp.a(alt_errno.o)
 .data          0x0000000000016b58        0x0 ../lab5_bsp/\libhal_bsp.a(alt_icache_flush_all.o)
 .data          0x0000000000016b58        0x0 ../lab5_bsp/\libhal_bsp.a(alt_iic.o)
 .data          0x0000000000016b58        0x0 ../lab5_bsp/\libhal_bsp.a(alt_iic_isr_register.o)
 .data          0x0000000000016b58        0x0 ../lab5_bsp/\libhal_bsp.a(alt_io_redirect.o)
 .data          0x0000000000016b58        0x0 ../lab5_bsp/\libhal_bsp.a(alt_irq_entry.o)
 .data          0x0000000000016b58        0x0 ../lab5_bsp/\libhal_bsp.a(alt_irq_handler.o)
 .data          0x0000000000016b58        0x0 ../lab5_bsp/\libhal_bsp.a(alt_irq_vars.o)
 .data          0x0000000000016b58        0x0 ../lab5_bsp/\libhal_bsp.a(alt_open.o)
 .data          0x0000000000016b58        0x0 ../lab5_bsp/\libhal_bsp.a(alt_release_fd.o)
 .data          0x0000000000016b58        0x0 ../lab5_bsp/\libhal_bsp.a(alt_tick.o)
 .data          0x0000000000016b58        0x0 ../lab5_bsp/\libhal_bsp.a(altera_nios2_gen2_irq.o)
 .data          0x0000000000016b58        0x0 ../lab5_bsp/\libhal_bsp.a(alt_exception_entry.o)
 .data          0x0000000000016b58        0x0 ../lab5_bsp/\libhal_bsp.a(alt_find_dev.o)
 .data          0x0000000000016b58        0x0 ../lab5_bsp/\libhal_bsp.a(alt_find_file.o)
 .data          0x0000000000016b58        0x0 ../lab5_bsp/\libhal_bsp.a(alt_get_fd.o)
 .data          0x0000000000016b58        0x0 ../lab5_bsp/\libhal_bsp.a(alt_instruction_exception_entry.o)
 .data          0x0000000000016b58        0x0 c:/intelfpga_lite/18.1/nios2eds/bin/gnu/h-x86_64-mingw32/bin/../lib/gcc/nios2-elf/5.3.0/../../../../../H-x86_64-mingw32/nios2-elf/lib/mno-hw-mul\libc.a(lib_a-atexit.o)
 .data          0x0000000000016b58        0x0 c:/intelfpga_lite/18.1/nios2eds/bin/gnu/h-x86_64-mingw32/bin/../lib/gcc/nios2-elf/5.3.0/../../../../../H-x86_64-mingw32/nios2-elf/lib/mno-hw-mul\libc.a(lib_a-exit.o)
 .data          0x0000000000016b58        0x0 c:/intelfpga_lite/18.1/nios2eds/bin/gnu/h-x86_64-mingw32/bin/../lib/gcc/nios2-elf/5.3.0/../../../../../H-x86_64-mingw32/nios2-elf/lib/mno-hw-mul\libc.a(lib_a-impure.o)
 .data.impure_data
                0x0000000000016b58      0x424 c:/intelfpga_lite/18.1/nios2eds/bin/gnu/h-x86_64-mingw32/bin/../lib/gcc/nios2-elf/5.3.0/../../../../../H-x86_64-mingw32/nios2-elf/lib/mno-hw-mul\libc.a(lib_a-impure.o)
 .data          0x0000000000016f7c        0x0 c:/intelfpga_lite/18.1/nios2eds/bin/gnu/h-x86_64-mingw32/bin/../lib/gcc/nios2-elf/5.3.0/../../../../../H-x86_64-mingw32/nios2-elf/lib/mno-hw-mul\libc.a(lib_a-int_errno.o)
 .data          0x0000000000016f7c        0x0 c:/intelfpga_lite/18.1/nios2eds/bin/gnu/h-x86_64-mingw32/bin/../lib/gcc/nios2-elf/5.3.0/../../../../../H-x86_64-mingw32/nios2-elf/lib/mno-hw-mul\libc.a(lib_a-memcmp.o)
 .data          0x0000000000016f7c        0x0 c:/intelfpga_lite/18.1/nios2eds/bin/gnu/h-x86_64-mingw32/bin/../lib/gcc/nios2-elf/5.3.0/../../../../../H-x86_64-mingw32/nios2-elf/lib/mno-hw-mul\libc.a(lib_a-memcpy.o)
 .data          0x0000000000016f7c        0x0 c:/intelfpga_lite/18.1/nios2eds/bin/gnu/h-x86_64-mingw32/bin/../lib/gcc/nios2-elf/5.3.0/../../../../../H-x86_64-mingw32/nios2-elf/lib/mno-hw-mul\libc.a(lib_a-strlen.o)
 .data          0x0000000000016f7c        0x0 c:/intelfpga_lite/18.1/nios2eds/bin/gnu/h-x86_64-mingw32/bin/../lib/gcc/nios2-elf/5.3.0/../../../../../H-x86_64-mingw32/nios2-elf/lib/mno-hw-mul\libc.a(lib_a-__atexit.o)
 .data          0x0000000000016f7c        0x0 c:/intelfpga_lite/18.1/nios2eds/bin/gnu/h-x86_64-mingw32/bin/../lib/gcc/nios2-elf/5.3.0/../../../../../H-x86_64-mingw32/nios2-elf/lib/mno-hw-mul\libc.a(lib_a-__call_atexit.o)
 .data          0x0000000000016f7c        0x0 ../lab5_bsp/\libhal_bsp.a(alt_exit.o)
                0x000000000001ef7c                _gp = ABSOLUTE ((. + 0x8000))
                [!provide]                        PROVIDE (gp, _gp)
 *(.rwdata .rwdata.*)
 *(.sdata .sdata.* .gnu.linkonce.s.*)
 .sdata         0x0000000000016f7c       0x14 ../lab5_bsp/\libhal_bsp.a(alt_dev.o)
                0x0000000000016f7c                alt_fs_list
                0x0000000000016f84                alt_dev_list
                0x0000000000016f8c                alt_max_fd
 .sdata         0x0000000000016f90        0x4 ../lab5_bsp/\libhal_bsp.a(alt_errno.o)
                0x0000000000016f90                alt_errno
 .sdata         0x0000000000016f94        0x4 ../lab5_bsp/\libhal_bsp.a(alt_irq_vars.o)
                0x0000000000016f94                alt_priority_mask
 .sdata         0x0000000000016f98        0x8 ../lab5_bsp/\libhal_bsp.a(alt_tick.o)
                0x0000000000016f98                alt_alarm_list
 .sdata._global_impure_ptr
                0x0000000000016fa0        0x4 c:/intelfpga_lite/18.1/nios2eds/bin/gnu/h-x86_64-mingw32/bin/../lib/gcc/nios2-elf/5.3.0/../../../../../H-x86_64-mingw32/nios2-elf/lib/mno-hw-mul\libc.a(lib_a-impure.o)
                0x0000000000016fa0                _global_impure_ptr
 .sdata._impure_ptr
                0x0000000000016fa4        0x4 c:/intelfpga_lite/18.1/nios2eds/bin/gnu/h-x86_64-mingw32/bin/../lib/gcc/nios2-elf/5.3.0/../../../../../H-x86_64-mingw32/nios2-elf/lib/mno-hw-mul\libc.a(lib_a-impure.o)
                0x0000000000016fa4                _impure_ptr
 *(.sdata2 .sdata2.* .gnu.linkonce.s2.*)
                0x0000000000016fa8                . = ALIGN (0x4)
                0x0000000000016fa8                _edata = ABSOLUTE (.)
                [!provide]                        PROVIDE (edata, ABSOLUTE (.))
                0x0000000000016fa8                PROVIDE (__ram_rwdata_end, ABSOLUTE (.))
                0x0000000000016fa8                PROVIDE (__flash_rwdata_start, LOADADDR (.rwdata))

.bss            0x000000000001b628      0x120
                0x000000000001b628                __bss_start = ABSOLUTE (.)
                [!provide]                        PROVIDE (__sbss_start, ABSOLUTE (.))
                [!provide]                        PROVIDE (___sbss_start, ABSOLUTE (.))
 *(.dynsbss)
 *(.sbss .sbss.* .gnu.linkonce.sb.*)
 .sbss          0x000000000001b628        0xc ../lab5_bsp/\libhal_bsp.a(alt_main.o)
                0x000000000001b628                alt_argc
                0x000000000001b62c                alt_argv
                0x000000000001b630                alt_envp
 .sbss          0x000000000001b634        0x4 ../lab5_bsp/\libhal_bsp.a(alt_irq_vars.o)
                0x000000000001b634                alt_irq_active
 .sbss          0x000000000001b638        0x8 ../lab5_bsp/\libhal_bsp.a(alt_tick.o)
                0x000000000001b638                _alt_tick_rate
                0x000000000001b63c                _alt_nticks
 .sbss          0x000000000001b640        0x4 ../lab5_bsp/\libhal_bsp.a(alt_instruction_exception_entry.o)
                0x000000000001b640                alt_instruction_exception_handler
 .sbss          0x000000000001b644        0x4 c:/intelfpga_lite/18.1/nios2eds/bin/gnu/h-x86_64-mingw32/bin/../lib/gcc/nios2-elf/5.3.0/../../../../../H-x86_64-mingw32/nios2-elf/lib/mno-hw-mul\libc.a(lib_a-int_errno.o)
                0x000000000001b644                errno
 *(.sbss2 .sbss2.* .gnu.linkonce.sb2.*)
 *(.scommon)
                [!provide]                        PROVIDE (__sbss_end, ABSOLUTE (.))
                [!provide]                        PROVIDE (___sbss_end, ABSOLUTE (.))
 *(.dynbss)
 *(.bss .bss.* .gnu.linkonce.b.*)
 .bss           0x000000000001b648        0x0 ../lab5_bsp//obj/HAL/src/crt0.o
 .bss           0x000000000001b648        0x0 obj/default/lab5.o
 .bss           0x000000000001b648        0x0 c:/intelfpga_lite/18.1/nios2eds/bin/gnu/h-x86_64-mingw32/bin/../lib/gcc/nios2-elf/5.3.0/mno-hw-mul\libgcc.a(lib2-mul.o)
 .bss           0x000000000001b648        0x0 ../lab5_bsp/\libhal_bsp.a(alt_load.o)
 .bss           0x000000000001b648        0x0 ../lab5_bsp/\libhal_bsp.a(alt_main.o)
 .bss           0x000000000001b648        0x0 ../lab5_bsp/\libhal_bsp.a(alt_sys_init.o)
 .bss           0x000000000001b648        0x0 ../lab5_bsp/\libhal_bsp.a(altera_avalon_jtag_uart_fd.o)
 .bss           0x000000000001b648        0x0 ../lab5_bsp/\libhal_bsp.a(altera_avalon_jtag_uart_init.o)
 .bss           0x000000000001b648        0x0 ../lab5_bsp/\libhal_bsp.a(altera_avalon_jtag_uart_ioctl.o)
 .bss           0x000000000001b648        0x0 ../lab5_bsp/\libhal_bsp.a(altera_avalon_jtag_uart_read.o)
 .bss           0x000000000001b648        0x0 ../lab5_bsp/\libhal_bsp.a(altera_avalon_jtag_uart_write.o)
 .bss           0x000000000001b648        0x0 ../lab5_bsp/\libhal_bsp.a(altera_avalon_spi.o)
 .bss           0x000000000001b648        0x0 ../lab5_bsp/\libhal_bsp.a(altera_avalon_timer_sc.o)
 .bss           0x000000000001b648        0x0 ../lab5_bsp/\libhal_bsp.a(alt_alarm_start.o)
 .bss           0x000000000001b648        0x0 ../lab5_bsp/\libhal_bsp.a(alt_close.o)
 .bss           0x000000000001b648        0x0 ../lab5_bsp/\libhal_bsp.a(alt_dcache_flush_all.o)
 .bss           0x000000000001b648        0x0 ../lab5_bsp/\libhal_bsp.a(alt_dev.o)
 .bss           0x000000000001b648        0x0 ../lab5_bsp/\libhal_bsp.a(alt_dev_llist_insert.o)
 .bss           0x000000000001b648        0x0 ../lab5_bsp/\libhal_bsp.a(alt_do_ctors.o)
 .bss           0x000000000001b648        0x0 ../lab5_bsp/\libhal_bsp.a(alt_do_dtors.o)
 .bss           0x000000000001b648        0x0 ../lab5_bsp/\libhal_bsp.a(alt_errno.o)
 .bss           0x000000000001b648        0x0 ../lab5_bsp/\libhal_bsp.a(alt_icache_flush_all.o)
 .bss           0x000000000001b648        0x0 ../lab5_bsp/\libhal_bsp.a(alt_iic.o)
 .bss           0x000000000001b648        0x0 ../lab5_bsp/\libhal_bsp.a(alt_iic_isr_register.o)
 .bss           0x000000000001b648        0x0 ../lab5_bsp/\libhal_bsp.a(alt_io_redirect.o)
 .bss           0x000000000001b648        0x0 ../lab5_bsp/\libhal_bsp.a(alt_irq_entry.o)
 .bss           0x000000000001b648        0x0 ../lab5_bsp/\libhal_bsp.a(alt_irq_handler.o)
 .bss           0x000000000001b648        0x0 ../lab5_bsp/\libhal_bsp.a(alt_irq_vars.o)
 .bss           0x000000000001b648        0x0 ../lab5_bsp/\libhal_bsp.a(alt_open.o)
 .bss           0x000000000001b648        0x0 ../lab5_bsp/\libhal_bsp.a(alt_release_fd.o)
 .bss           0x000000000001b648        0x0 ../lab5_bsp/\libhal_bsp.a(alt_tick.o)
 .bss           0x000000000001b648        0x0 ../lab5_bsp/\libhal_bsp.a(altera_nios2_gen2_irq.o)
 .bss           0x000000000001b648        0x0 ../lab5_bsp/\libhal_bsp.a(alt_exception_entry.o)
 .bss           0x000000000001b648        0x0 ../lab5_bsp/\libhal_bsp.a(alt_find_dev.o)
 .bss           0x000000000001b648        0x0 ../lab5_bsp/\libhal_bsp.a(alt_find_file.o)
 .bss           0x000000000001b648        0x0 ../lab5_bsp/\libhal_bsp.a(alt_get_fd.o)
 .bss           0x000000000001b648        0x0 ../lab5_bsp/\libhal_bsp.a(alt_instruction_exception_entry.o)
 .bss           0x000000000001b648        0x0 c:/intelfpga_lite/18.1/nios2eds/bin/gnu/h-x86_64-mingw32/bin/../lib/gcc/nios2-elf/5.3.0/../../../../../H-x86_64-mingw32/nios2-elf/lib/mno-hw-mul\libc.a(lib_a-atexit.o)
 .bss           0x000000000001b648        0x0 c:/intelfpga_lite/18.1/nios2eds/bin/gnu/h-x86_64-mingw32/bin/../lib/gcc/nios2-elf/5.3.0/../../../../../H-x86_64-mingw32/nios2-elf/lib/mno-hw-mul\libc.a(lib_a-exit.o)
 .bss           0x000000000001b648        0x0 c:/intelfpga_lite/18.1/nios2eds/bin/gnu/h-x86_64-mingw32/bin/../lib/gcc/nios2-elf/5.3.0/../../../../../H-x86_64-mingw32/nios2-elf/lib/mno-hw-mul\libc.a(lib_a-impure.o)
 .bss           0x000000000001b648        0x0 c:/intelfpga_lite/18.1/nios2eds/bin/gnu/h-x86_64-mingw32/bin/../lib/gcc/nios2-elf/5.3.0/../../../../../H-x86_64-mingw32/nios2-elf/lib/mno-hw-mul\libc.a(lib_a-int_errno.o)
 .bss           0x000000000001b648        0x0 c:/intelfpga_lite/18.1/nios2eds/bin/gnu/h-x86_64-mingw32/bin/../lib/gcc/nios2-elf/5.3.0/../../../../../H-x86_64-mingw32/nios2-elf/lib/mno-hw-mul\libc.a(lib_a-memcmp.o)
 .bss           0x000000000001b648        0x0 c:/intelfpga_lite/18.1/nios2eds/bin/gnu/h-x86_64-mingw32/bin/../lib/gcc/nios2-elf/5.3.0/../../../../../H-x86_64-mingw32/nios2-elf/lib/mno-hw-mul\libc.a(lib_a-memcpy.o)
 .bss           0x000000000001b648        0x0 c:/intelfpga_lite/18.1/nios2eds/bin/gnu/h-x86_64-mingw32/bin/../lib/gcc/nios2-elf/5.3.0/../../../../../H-x86_64-mingw32/nios2-elf/lib/mno-hw-mul\libc.a(lib_a-strlen.o)
 .bss           0x000000000001b648        0x0 c:/intelfpga_lite/18.1/nios2eds/bin/gnu/h-x86_64-mingw32/bin/../lib/gcc/nios2-elf/5.3.0/../../../../../H-x86_64-mingw32/nios2-elf/lib/mno-hw-mul\libc.a(lib_a-__atexit.o)
 .bss           0x000000000001b648        0x0 c:/intelfpga_lite/18.1/nios2eds/bin/gnu/h-x86_64-mingw32/bin/../lib/gcc/nios2-elf/5.3.0/../../../../../H-x86_64-mingw32/nios2-elf/lib/mno-hw-mul\libc.a(lib_a-__call_atexit.o)
 .bss           0x000000000001b648        0x0 ../lab5_bsp/\libhal_bsp.a(alt_exit.o)
 *(COMMON)
 COMMON         0x000000000001b648      0x100 ../lab5_bsp/\libhal_bsp.a(alt_irq_handler.o)
                0x000000000001b648                alt_irq
                0x000000000001b748                . = ALIGN (0x4)
                0x000000000001b748                __bss_end = ABSOLUTE (.)

.memory         0x000000000001b748        0x0
                [!provide]                        PROVIDE (_alt_partition_memory_start, ABSOLUTE (.))
 *(.memory .memory. memory.*)
                0x000000000001b748                . = ALIGN (0x4)
                [!provide]                        PROVIDE (_alt_partition_memory_end, ABSOLUTE (.))
                0x000000000001b748                _end = ABSOLUTE (.)
                0x000000000001b748                end = ABSOLUTE (.)
                0x000000000001b748                __alt_stack_base = ABSOLUTE (.)
                [!provide]                        PROVIDE (_alt_partition_memory_load_addr, LOADADDR (.memory))

.stab
 *(.stab)

.stabstr
 *(.stabstr)

.stab.excl
 *(.stab.excl)

.stab.exclstr
 *(.stab.exclstr)

.stab.index
 *(.stab.index)

.stab.indexstr
 *(.stab.indexstr)

.comment        0x0000000000000000       0x23
 *(.comment)
 .comment       0x0000000000000000       0x23 obj/default/lab5.o
                                         0x24 (size before relaxing)
 .comment       0x0000000000000023       0x24 c:/intelfpga_lite/18.1/nios2eds/bin/gnu/h-x86_64-mingw32/bin/../lib/gcc/nios2-elf/5.3.0/mno-hw-mul\libgcc.a(lib2-mul.o)
 .comment       0x0000000000000023       0x24 ../lab5_bsp/\libhal_bsp.a(alt_load.o)
 .comment       0x0000000000000023       0x24 ../lab5_bsp/\libhal_bsp.a(alt_main.o)
 .comment       0x0000000000000023       0x24 ../lab5_bsp/\libhal_bsp.a(alt_sys_init.o)
 .comment       0x0000000000000023       0x24 ../lab5_bsp/\libhal_bsp.a(altera_avalon_jtag_uart_fd.o)
 .comment       0x0000000000000023       0x24 ../lab5_bsp/\libhal_bsp.a(altera_avalon_jtag_uart_init.o)
 .comment       0x0000000000000023       0x24 ../lab5_bsp/\libhal_bsp.a(altera_avalon_jtag_uart_ioctl.o)
 .comment       0x0000000000000023       0x24 ../lab5_bsp/\libhal_bsp.a(altera_avalon_jtag_uart_read.o)
 .comment       0x0000000000000023       0x24 ../lab5_bsp/\libhal_bsp.a(altera_avalon_jtag_uart_write.o)
 .comment       0x0000000000000023       0x24 ../lab5_bsp/\libhal_bsp.a(altera_avalon_spi.o)
 .comment       0x0000000000000023       0x24 ../lab5_bsp/\libhal_bsp.a(altera_avalon_timer_sc.o)
 .comment       0x0000000000000023       0x24 ../lab5_bsp/\libhal_bsp.a(alt_alarm_start.o)
 .comment       0x0000000000000023       0x24 ../lab5_bsp/\libhal_bsp.a(alt_close.o)
 .comment       0x0000000000000023       0x24 ../lab5_bsp/\libhal_bsp.a(alt_dcache_flush_all.o)
 .comment       0x0000000000000023       0x24 ../lab5_bsp/\libhal_bsp.a(alt_dev.o)
 .comment       0x0000000000000023       0x24 ../lab5_bsp/\libhal_bsp.a(alt_dev_llist_insert.o)
 .comment       0x0000000000000023       0x24 ../lab5_bsp/\libhal_bsp.a(alt_do_ctors.o)
 .comment       0x0000000000000023       0x24 ../lab5_bsp/\libhal_bsp.a(alt_do_dtors.o)
 .comment       0x0000000000000023       0x24 ../lab5_bsp/\libhal_bsp.a(alt_errno.o)
 .comment       0x0000000000000023       0x24 ../lab5_bsp/\libhal_bsp.a(alt_icache_flush_all.o)
 .comment       0x0000000000000023       0x24 ../lab5_bsp/\libhal_bsp.a(alt_iic.o)
 .comment       0x0000000000000023       0x24 ../lab5_bsp/\libhal_bsp.a(alt_iic_isr_register.o)
 .comment       0x0000000000000023       0x24 ../lab5_bsp/\libhal_bsp.a(alt_io_redirect.o)
 .comment       0x0000000000000023       0x24 ../lab5_bsp/\libhal_bsp.a(alt_irq_handler.o)
 .comment       0x0000000000000023       0x24 ../lab5_bsp/\libhal_bsp.a(alt_irq_vars.o)
 .comment       0x0000000000000023       0x24 ../lab5_bsp/\libhal_bsp.a(alt_open.o)
 .comment       0x0000000000000023       0x24 ../lab5_bsp/\libhal_bsp.a(alt_release_fd.o)
 .comment       0x0000000000000023       0x24 ../lab5_bsp/\libhal_bsp.a(alt_tick.o)
 .comment       0x0000000000000023       0x24 ../lab5_bsp/\libhal_bsp.a(altera_nios2_gen2_irq.o)
 .comment       0x0000000000000023       0x24 ../lab5_bsp/\libhal_bsp.a(alt_find_dev.o)
 .comment       0x0000000000000023       0x24 ../lab5_bsp/\libhal_bsp.a(alt_find_file.o)
 .comment       0x0000000000000023       0x24 ../lab5_bsp/\libhal_bsp.a(alt_get_fd.o)
 .comment       0x0000000000000023       0x24 ../lab5_bsp/\libhal_bsp.a(alt_instruction_exception_entry.o)
 .comment       0x0000000000000023       0x24 c:/intelfpga_lite/18.1/nios2eds/bin/gnu/h-x86_64-mingw32/bin/../lib/gcc/nios2-elf/5.3.0/../../../../../H-x86_64-mingw32/nios2-elf/lib/mno-hw-mul\libc.a(lib_a-atexit.o)
 .comment       0x0000000000000023       0x24 c:/intelfpga_lite/18.1/nios2eds/bin/gnu/h-x86_64-mingw32/bin/../lib/gcc/nios2-elf/5.3.0/../../../../../H-x86_64-mingw32/nios2-elf/lib/mno-hw-mul\libc.a(lib_a-exit.o)
 .comment       0x0000000000000023       0x24 c:/intelfpga_lite/18.1/nios2eds/bin/gnu/h-x86_64-mingw32/bin/../lib/gcc/nios2-elf/5.3.0/../../../../../H-x86_64-mingw32/nios2-elf/lib/mno-hw-mul\libc.a(lib_a-impure.o)
 .comment       0x0000000000000023       0x24 c:/intelfpga_lite/18.1/nios2eds/bin/gnu/h-x86_64-mingw32/bin/../lib/gcc/nios2-elf/5.3.0/../../../../../H-x86_64-mingw32/nios2-elf/lib/mno-hw-mul\libc.a(lib_a-int_errno.o)
 .comment       0x0000000000000023       0x24 c:/intelfpga_lite/18.1/nios2eds/bin/gnu/h-x86_64-mingw32/bin/../lib/gcc/nios2-elf/5.3.0/../../../../../H-x86_64-mingw32/nios2-elf/lib/mno-hw-mul\libc.a(lib_a-memcmp.o)
 .comment       0x0000000000000023       0x24 c:/intelfpga_lite/18.1/nios2eds/bin/gnu/h-x86_64-mingw32/bin/../lib/gcc/nios2-elf/5.3.0/../../../../../H-x86_64-mingw32/nios2-elf/lib/mno-hw-mul\libc.a(lib_a-memcpy.o)
 .comment       0x0000000000000023       0x24 c:/intelfpga_lite/18.1/nios2eds/bin/gnu/h-x86_64-mingw32/bin/../lib/gcc/nios2-elf/5.3.0/../../../../../H-x86_64-mingw32/nios2-elf/lib/mno-hw-mul\libc.a(lib_a-strlen.o)
 .comment       0x0000000000000023       0x24 c:/intelfpga_lite/18.1/nios2eds/bin/gnu/h-x86_64-mingw32/bin/../lib/gcc/nios2-elf/5.3.0/../../../../../H-x86_64-mingw32/nios2-elf/lib/mno-hw-mul\libc.a(lib_a-__atexit.o)
 .comment       0x0000000000000023       0x24 c:/intelfpga_lite/18.1/nios2eds/bin/gnu/h-x86_64-mingw32/bin/../lib/gcc/nios2-elf/5.3.0/../../../../../H-x86_64-mingw32/nios2-elf/lib/mno-hw-mul\libc.a(lib_a-__call_atexit.o)
 .comment       0x0000000000000023       0x24 ../lab5_bsp/\libhal_bsp.a(alt_exit.o)

.debug
 *(.debug)

.line
 *(.line)

.debug_srcinfo
 *(.debug_srcinfo)

.debug_sfnames
 *(.debug_sfnames)

.debug_aranges  0x0000000000000000      0x5f8
 *(.debug_aranges)
 .debug_aranges
                0x0000000000000000       0x28 ../lab5_bsp//obj/HAL/src/crt0.o
 .debug_aranges
                0x0000000000000028       0x20 obj/default/lab5.o
 .debug_aranges
                0x0000000000000048       0x20 c:/intelfpga_lite/18.1/nios2eds/bin/gnu/h-x86_64-mingw32/bin/../lib/gcc/nios2-elf/5.3.0/mno-hw-mul\libgcc.a(lib2-mul.o)
 .debug_aranges
                0x0000000000000068       0x20 ../lab5_bsp/\libhal_bsp.a(alt_load.o)
 .debug_aranges
                0x0000000000000088       0x20 ../lab5_bsp/\libhal_bsp.a(alt_main.o)
 .debug_aranges
                0x00000000000000a8       0x20 ../lab5_bsp/\libhal_bsp.a(alt_sys_init.o)
 .debug_aranges
                0x00000000000000c8       0x20 ../lab5_bsp/\libhal_bsp.a(altera_avalon_jtag_uart_fd.o)
 .debug_aranges
                0x00000000000000e8       0x20 ../lab5_bsp/\libhal_bsp.a(altera_avalon_jtag_uart_init.o)
 .debug_aranges
                0x0000000000000108       0x20 ../lab5_bsp/\libhal_bsp.a(altera_avalon_jtag_uart_ioctl.o)
 .debug_aranges
                0x0000000000000128       0x20 ../lab5_bsp/\libhal_bsp.a(altera_avalon_jtag_uart_read.o)
 .debug_aranges
                0x0000000000000148       0x20 ../lab5_bsp/\libhal_bsp.a(altera_avalon_jtag_uart_write.o)
 .debug_aranges
                0x0000000000000168       0x20 ../lab5_bsp/\libhal_bsp.a(altera_avalon_spi.o)
 .debug_aranges
                0x0000000000000188       0x20 ../lab5_bsp/\libhal_bsp.a(altera_avalon_timer_sc.o)
 .debug_aranges
                0x00000000000001a8       0x20 ../lab5_bsp/\libhal_bsp.a(alt_alarm_start.o)
 .debug_aranges
                0x00000000000001c8       0x20 ../lab5_bsp/\libhal_bsp.a(alt_close.o)
 .debug_aranges
                0x00000000000001e8       0x20 ../lab5_bsp/\libhal_bsp.a(alt_dcache_flush_all.o)
 .debug_aranges
                0x0000000000000208       0x20 ../lab5_bsp/\libhal_bsp.a(alt_dev.o)
 .debug_aranges
                0x0000000000000228       0x20 ../lab5_bsp/\libhal_bsp.a(alt_dev_llist_insert.o)
 .debug_aranges
                0x0000000000000248       0x20 ../lab5_bsp/\libhal_bsp.a(alt_do_ctors.o)
 .debug_aranges
                0x0000000000000268       0x20 ../lab5_bsp/\libhal_bsp.a(alt_do_dtors.o)
 .debug_aranges
                0x0000000000000288       0x18 ../lab5_bsp/\libhal_bsp.a(alt_errno.o)
 .debug_aranges
                0x00000000000002a0       0x20 ../lab5_bsp/\libhal_bsp.a(alt_icache_flush_all.o)
 .debug_aranges
                0x00000000000002c0       0x20 ../lab5_bsp/\libhal_bsp.a(alt_iic.o)
 .debug_aranges
                0x00000000000002e0       0x20 ../lab5_bsp/\libhal_bsp.a(alt_iic_isr_register.o)
 .debug_aranges
                0x0000000000000300       0x20 ../lab5_bsp/\libhal_bsp.a(alt_io_redirect.o)
 .debug_aranges
                0x0000000000000320       0x30 ../lab5_bsp/\libhal_bsp.a(alt_irq_entry.o)
 .debug_aranges
                0x0000000000000350       0x20 ../lab5_bsp/\libhal_bsp.a(alt_irq_handler.o)
 .debug_aranges
                0x0000000000000370       0x18 ../lab5_bsp/\libhal_bsp.a(alt_irq_vars.o)
 .debug_aranges
                0x0000000000000388       0x20 ../lab5_bsp/\libhal_bsp.a(alt_open.o)
 .debug_aranges
                0x00000000000003a8       0x20 ../lab5_bsp/\libhal_bsp.a(alt_release_fd.o)
 .debug_aranges
                0x00000000000003c8       0x20 ../lab5_bsp/\libhal_bsp.a(alt_tick.o)
 .debug_aranges
                0x00000000000003e8       0x20 ../lab5_bsp/\libhal_bsp.a(altera_nios2_gen2_irq.o)
 .debug_aranges
                0x0000000000000408       0x38 ../lab5_bsp/\libhal_bsp.a(alt_exception_entry.o)
 .debug_aranges
                0x0000000000000440       0x20 ../lab5_bsp/\libhal_bsp.a(alt_find_dev.o)
 .debug_aranges
                0x0000000000000460       0x20 ../lab5_bsp/\libhal_bsp.a(alt_find_file.o)
 .debug_aranges
                0x0000000000000480       0x20 ../lab5_bsp/\libhal_bsp.a(alt_get_fd.o)
 .debug_aranges
                0x00000000000004a0       0x28 ../lab5_bsp/\libhal_bsp.a(alt_instruction_exception_entry.o)
 .debug_aranges
                0x00000000000004c8       0x20 c:/intelfpga_lite/18.1/nios2eds/bin/gnu/h-x86_64-mingw32/bin/../lib/gcc/nios2-elf/5.3.0/../../../../../H-x86_64-mingw32/nios2-elf/lib/mno-hw-mul\libc.a(lib_a-atexit.o)
 .debug_aranges
                0x00000000000004e8       0x20 c:/intelfpga_lite/18.1/nios2eds/bin/gnu/h-x86_64-mingw32/bin/../lib/gcc/nios2-elf/5.3.0/../../../../../H-x86_64-mingw32/nios2-elf/lib/mno-hw-mul\libc.a(lib_a-exit.o)
 .debug_aranges
                0x0000000000000508       0x18 c:/intelfpga_lite/18.1/nios2eds/bin/gnu/h-x86_64-mingw32/bin/../lib/gcc/nios2-elf/5.3.0/../../../../../H-x86_64-mingw32/nios2-elf/lib/mno-hw-mul\libc.a(lib_a-impure.o)
 .debug_aranges
                0x0000000000000520       0x18 c:/intelfpga_lite/18.1/nios2eds/bin/gnu/h-x86_64-mingw32/bin/../lib/gcc/nios2-elf/5.3.0/../../../../../H-x86_64-mingw32/nios2-elf/lib/mno-hw-mul\libc.a(lib_a-int_errno.o)
 .debug_aranges
                0x0000000000000538       0x20 c:/intelfpga_lite/18.1/nios2eds/bin/gnu/h-x86_64-mingw32/bin/../lib/gcc/nios2-elf/5.3.0/../../../../../H-x86_64-mingw32/nios2-elf/lib/mno-hw-mul\libc.a(lib_a-memcmp.o)
 .debug_aranges
                0x0000000000000558       0x20 c:/intelfpga_lite/18.1/nios2eds/bin/gnu/h-x86_64-mingw32/bin/../lib/gcc/nios2-elf/5.3.0/../../../../../H-x86_64-mingw32/nios2-elf/lib/mno-hw-mul\libc.a(lib_a-memcpy.o)
 .debug_aranges
                0x0000000000000578       0x20 c:/intelfpga_lite/18.1/nios2eds/bin/gnu/h-x86_64-mingw32/bin/../lib/gcc/nios2-elf/5.3.0/../../../../../H-x86_64-mingw32/nios2-elf/lib/mno-hw-mul\libc.a(lib_a-strlen.o)
 .debug_aranges
                0x0000000000000598       0x20 c:/intelfpga_lite/18.1/nios2eds/bin/gnu/h-x86_64-mingw32/bin/../lib/gcc/nios2-elf/5.3.0/../../../../../H-x86_64-mingw32/nios2-elf/lib/mno-hw-mul\libc.a(lib_a-__atexit.o)
 .debug_aranges
                0x00000000000005b8       0x20 c:/intelfpga_lite/18.1/nios2eds/bin/gnu/h-x86_64-mingw32/bin/../lib/gcc/nios2-elf/5.3.0/../../../../../H-x86_64-mingw32/nios2-elf/lib/mno-hw-mul\libc.a(lib_a-__call_atexit.o)
 .debug_aranges
                0x00000000000005d8       0x20 ../lab5_bsp/\libhal_bsp.a(alt_exit.o)

.debug_pubnames
 *(.debug_pubnames)

.debug_info     0x0000000000000000     0x7926
 *(.debug_info .gnu.linkonce.wi.*)
 .debug_info    0x0000000000000000       0x78 ../lab5_bsp//obj/HAL/src/crt0.o
 .debug_info    0x0000000000000078       0xfa obj/default/lab5.o
 .debug_info    0x0000000000000172       0xb4 c:/intelfpga_lite/18.1/nios2eds/bin/gnu/h-x86_64-mingw32/bin/../lib/gcc/nios2-elf/5.3.0/mno-hw-mul\libgcc.a(lib2-mul.o)
 .debug_info    0x0000000000000226      0x145 ../lab5_bsp/\libhal_bsp.a(alt_load.o)
 .debug_info    0x000000000000036b      0x131 ../lab5_bsp/\libhal_bsp.a(alt_main.o)
 .debug_info    0x000000000000049c      0x4d9 ../lab5_bsp/\libhal_bsp.a(alt_sys_init.o)
 .debug_info    0x0000000000000975      0x52e ../lab5_bsp/\libhal_bsp.a(altera_avalon_jtag_uart_fd.o)
 .debug_info    0x0000000000000ea3      0x3a0 ../lab5_bsp/\libhal_bsp.a(altera_avalon_jtag_uart_init.o)
 .debug_info    0x0000000000001243      0x280 ../lab5_bsp/\libhal_bsp.a(altera_avalon_jtag_uart_ioctl.o)
 .debug_info    0x00000000000014c3      0x345 ../lab5_bsp/\libhal_bsp.a(altera_avalon_jtag_uart_read.o)
 .debug_info    0x0000000000001808      0x340 ../lab5_bsp/\libhal_bsp.a(altera_avalon_jtag_uart_write.o)
 .debug_info    0x0000000000001b48      0x18d ../lab5_bsp/\libhal_bsp.a(altera_avalon_spi.o)
 .debug_info    0x0000000000001cd5      0x226 ../lab5_bsp/\libhal_bsp.a(altera_avalon_timer_sc.o)
 .debug_info    0x0000000000001efb      0x2cc ../lab5_bsp/\libhal_bsp.a(alt_alarm_start.o)
 .debug_info    0x00000000000021c7      0x321 ../lab5_bsp/\libhal_bsp.a(alt_close.o)
 .debug_info    0x00000000000024e8       0x92 ../lab5_bsp/\libhal_bsp.a(alt_dcache_flush_all.o)
 .debug_info    0x000000000000257a      0x49c ../lab5_bsp/\libhal_bsp.a(alt_dev.o)
 .debug_info    0x0000000000002a16      0x1a9 ../lab5_bsp/\libhal_bsp.a(alt_dev_llist_insert.o)
 .debug_info    0x0000000000002bbf       0x83 ../lab5_bsp/\libhal_bsp.a(alt_do_ctors.o)
 .debug_info    0x0000000000002c42       0x83 ../lab5_bsp/\libhal_bsp.a(alt_do_dtors.o)
 .debug_info    0x0000000000002cc5       0xa6 ../lab5_bsp/\libhal_bsp.a(alt_errno.o)
 .debug_info    0x0000000000002d6b       0x92 ../lab5_bsp/\libhal_bsp.a(alt_icache_flush_all.o)
 .debug_info    0x0000000000002dfd      0x350 ../lab5_bsp/\libhal_bsp.a(alt_iic.o)
 .debug_info    0x000000000000314d      0x1ef ../lab5_bsp/\libhal_bsp.a(alt_iic_isr_register.o)
 .debug_info    0x000000000000333c      0x4a5 ../lab5_bsp/\libhal_bsp.a(alt_io_redirect.o)
 .debug_info    0x00000000000037e1       0x81 ../lab5_bsp/\libhal_bsp.a(alt_irq_entry.o)
 .debug_info    0x0000000000003862      0x187 ../lab5_bsp/\libhal_bsp.a(alt_irq_handler.o)
 .debug_info    0x00000000000039e9       0x88 ../lab5_bsp/\libhal_bsp.a(alt_irq_vars.o)
 .debug_info    0x0000000000003a71      0x3bb ../lab5_bsp/\libhal_bsp.a(alt_open.o)
 .debug_info    0x0000000000003e2c      0x2b0 ../lab5_bsp/\libhal_bsp.a(alt_release_fd.o)
 .debug_info    0x00000000000040dc      0x299 ../lab5_bsp/\libhal_bsp.a(alt_tick.o)
 .debug_info    0x0000000000004375       0x92 ../lab5_bsp/\libhal_bsp.a(altera_nios2_gen2_irq.o)
 .debug_info    0x0000000000004407       0x87 ../lab5_bsp/\libhal_bsp.a(alt_exception_entry.o)
 .debug_info    0x000000000000448e      0x2e9 ../lab5_bsp/\libhal_bsp.a(alt_find_dev.o)
 .debug_info    0x0000000000004777      0x2e6 ../lab5_bsp/\libhal_bsp.a(alt_find_file.o)
 .debug_info    0x0000000000004a5d      0x310 ../lab5_bsp/\libhal_bsp.a(alt_get_fd.o)
 .debug_info    0x0000000000004d6d      0x1e7 ../lab5_bsp/\libhal_bsp.a(alt_instruction_exception_entry.o)
 .debug_info    0x0000000000004f54       0xfe c:/intelfpga_lite/18.1/nios2eds/bin/gnu/h-x86_64-mingw32/bin/../lib/gcc/nios2-elf/5.3.0/../../../../../H-x86_64-mingw32/nios2-elf/lib/mno-hw-mul\libc.a(lib_a-atexit.o)
 .debug_info    0x0000000000005052      0x8e4 c:/intelfpga_lite/18.1/nios2eds/bin/gnu/h-x86_64-mingw32/bin/../lib/gcc/nios2-elf/5.3.0/../../../../../H-x86_64-mingw32/nios2-elf/lib/mno-hw-mul\libc.a(lib_a-exit.o)
 .debug_info    0x0000000000005936      0x8a1 c:/intelfpga_lite/18.1/nios2eds/bin/gnu/h-x86_64-mingw32/bin/../lib/gcc/nios2-elf/5.3.0/../../../../../H-x86_64-mingw32/nios2-elf/lib/mno-hw-mul\libc.a(lib_a-impure.o)
 .debug_info    0x00000000000061d7       0x8a c:/intelfpga_lite/18.1/nios2eds/bin/gnu/h-x86_64-mingw32/bin/../lib/gcc/nios2-elf/5.3.0/../../../../../H-x86_64-mingw32/nios2-elf/lib/mno-hw-mul\libc.a(lib_a-int_errno.o)
 .debug_info    0x0000000000006261      0x11a c:/intelfpga_lite/18.1/nios2eds/bin/gnu/h-x86_64-mingw32/bin/../lib/gcc/nios2-elf/5.3.0/../../../../../H-x86_64-mingw32/nios2-elf/lib/mno-hw-mul\libc.a(lib_a-memcmp.o)
 .debug_info    0x000000000000637b      0x144 c:/intelfpga_lite/18.1/nios2eds/bin/gnu/h-x86_64-mingw32/bin/../lib/gcc/nios2-elf/5.3.0/../../../../../H-x86_64-mingw32/nios2-elf/lib/mno-hw-mul\libc.a(lib_a-memcpy.o)
 .debug_info    0x00000000000064bf       0xe2 c:/intelfpga_lite/18.1/nios2eds/bin/gnu/h-x86_64-mingw32/bin/../lib/gcc/nios2-elf/5.3.0/../../../../../H-x86_64-mingw32/nios2-elf/lib/mno-hw-mul\libc.a(lib_a-strlen.o)
 .debug_info    0x00000000000065a1      0x934 c:/intelfpga_lite/18.1/nios2eds/bin/gnu/h-x86_64-mingw32/bin/../lib/gcc/nios2-elf/5.3.0/../../../../../H-x86_64-mingw32/nios2-elf/lib/mno-hw-mul\libc.a(lib_a-__atexit.o)
 .debug_info    0x0000000000006ed5      0x965 c:/intelfpga_lite/18.1/nios2eds/bin/gnu/h-x86_64-mingw32/bin/../lib/gcc/nios2-elf/5.3.0/../../../../../H-x86_64-mingw32/nios2-elf/lib/mno-hw-mul\libc.a(lib_a-__call_atexit.o)
 .debug_info    0x000000000000783a       0xec ../lab5_bsp/\libhal_bsp.a(alt_exit.o)

.debug_abbrev   0x0000000000000000     0x2b1f
 *(.debug_abbrev)
 .debug_abbrev  0x0000000000000000       0x12 ../lab5_bsp//obj/HAL/src/crt0.o
 .debug_abbrev  0x0000000000000012       0x8c obj/default/lab5.o
 .debug_abbrev  0x000000000000009e       0x6f c:/intelfpga_lite/18.1/nios2eds/bin/gnu/h-x86_64-mingw32/bin/../lib/gcc/nios2-elf/5.3.0/mno-hw-mul\libgcc.a(lib2-mul.o)
 .debug_abbrev  0x000000000000010d       0x9f ../lab5_bsp/\libhal_bsp.a(alt_load.o)
 .debug_abbrev  0x00000000000001ac       0xba ../lab5_bsp/\libhal_bsp.a(alt_main.o)
 .debug_abbrev  0x0000000000000266      0x187 ../lab5_bsp/\libhal_bsp.a(alt_sys_init.o)
 .debug_abbrev  0x00000000000003ed      0x127 ../lab5_bsp/\libhal_bsp.a(altera_avalon_jtag_uart_fd.o)
 .debug_abbrev  0x0000000000000514      0x19e ../lab5_bsp/\libhal_bsp.a(altera_avalon_jtag_uart_init.o)
 .debug_abbrev  0x00000000000006b2      0x111 ../lab5_bsp/\libhal_bsp.a(altera_avalon_jtag_uart_ioctl.o)
 .debug_abbrev  0x00000000000007c3      0x1aa ../lab5_bsp/\libhal_bsp.a(altera_avalon_jtag_uart_read.o)
 .debug_abbrev  0x000000000000096d      0x1a8 ../lab5_bsp/\libhal_bsp.a(altera_avalon_jtag_uart_write.o)
 .debug_abbrev  0x0000000000000b15       0x8a ../lab5_bsp/\libhal_bsp.a(altera_avalon_spi.o)
 .debug_abbrev  0x0000000000000b9f      0x155 ../lab5_bsp/\libhal_bsp.a(altera_avalon_timer_sc.o)
 .debug_abbrev  0x0000000000000cf4      0x162 ../lab5_bsp/\libhal_bsp.a(alt_alarm_start.o)
 .debug_abbrev  0x0000000000000e56      0x11f ../lab5_bsp/\libhal_bsp.a(alt_close.o)
 .debug_abbrev  0x0000000000000f75       0x42 ../lab5_bsp/\libhal_bsp.a(alt_dcache_flush_all.o)
 .debug_abbrev  0x0000000000000fb7       0xd9 ../lab5_bsp/\libhal_bsp.a(alt_dev.o)
 .debug_abbrev  0x0000000000001090      0x114 ../lab5_bsp/\libhal_bsp.a(alt_dev_llist_insert.o)
 .debug_abbrev  0x00000000000011a4       0x79 ../lab5_bsp/\libhal_bsp.a(alt_do_ctors.o)
 .debug_abbrev  0x000000000000121d       0x79 ../lab5_bsp/\libhal_bsp.a(alt_do_dtors.o)
 .debug_abbrev  0x0000000000001296       0x5a ../lab5_bsp/\libhal_bsp.a(alt_errno.o)
 .debug_abbrev  0x00000000000012f0       0x42 ../lab5_bsp/\libhal_bsp.a(alt_icache_flush_all.o)
 .debug_abbrev  0x0000000000001332      0x163 ../lab5_bsp/\libhal_bsp.a(alt_iic.o)
 .debug_abbrev  0x0000000000001495      0x169 ../lab5_bsp/\libhal_bsp.a(alt_iic_isr_register.o)
 .debug_abbrev  0x00000000000015fe      0x114 ../lab5_bsp/\libhal_bsp.a(alt_io_redirect.o)
 .debug_abbrev  0x0000000000001712       0x12 ../lab5_bsp/\libhal_bsp.a(alt_irq_entry.o)
 .debug_abbrev  0x0000000000001724      0x122 ../lab5_bsp/\libhal_bsp.a(alt_irq_handler.o)
 .debug_abbrev  0x0000000000001846       0x40 ../lab5_bsp/\libhal_bsp.a(alt_irq_vars.o)
 .debug_abbrev  0x0000000000001886      0x148 ../lab5_bsp/\libhal_bsp.a(alt_open.o)
 .debug_abbrev  0x00000000000019ce       0xde ../lab5_bsp/\libhal_bsp.a(alt_release_fd.o)
 .debug_abbrev  0x0000000000001aac      0x15a ../lab5_bsp/\libhal_bsp.a(alt_tick.o)
 .debug_abbrev  0x0000000000001c06       0x42 ../lab5_bsp/\libhal_bsp.a(altera_nios2_gen2_irq.o)
 .debug_abbrev  0x0000000000001c48       0x12 ../lab5_bsp/\libhal_bsp.a(alt_exception_entry.o)
 .debug_abbrev  0x0000000000001c5a       0xf0 ../lab5_bsp/\libhal_bsp.a(alt_find_dev.o)
 .debug_abbrev  0x0000000000001d4a       0xf0 ../lab5_bsp/\libhal_bsp.a(alt_find_file.o)
 .debug_abbrev  0x0000000000001e3a      0x10d ../lab5_bsp/\libhal_bsp.a(alt_get_fd.o)
 .debug_abbrev  0x0000000000001f47       0xdc ../lab5_bsp/\libhal_bsp.a(alt_instruction_exception_entry.o)
 .debug_abbrev  0x0000000000002023       0xaa c:/intelfpga_lite/18.1/nios2eds/bin/gnu/h-x86_64-mingw32/bin/../lib/gcc/nios2-elf/5.3.0/../../../../../H-x86_64-mingw32/nios2-elf/lib/mno-hw-mul\libc.a(lib_a-atexit.o)
 .debug_abbrev  0x00000000000020cd      0x1e5 c:/intelfpga_lite/18.1/nios2eds/bin/gnu/h-x86_64-mingw32/bin/../lib/gcc/nios2-elf/5.3.0/../../../../../H-x86_64-mingw32/nios2-elf/lib/mno-hw-mul\libc.a(lib_a-exit.o)
 .debug_abbrev  0x00000000000022b2      0x18f c:/intelfpga_lite/18.1/nios2eds/bin/gnu/h-x86_64-mingw32/bin/../lib/gcc/nios2-elf/5.3.0/../../../../../H-x86_64-mingw32/nios2-elf/lib/mno-hw-mul\libc.a(lib_a-impure.o)
 .debug_abbrev  0x0000000000002441       0x37 c:/intelfpga_lite/18.1/nios2eds/bin/gnu/h-x86_64-mingw32/bin/../lib/gcc/nios2-elf/5.3.0/../../../../../H-x86_64-mingw32/nios2-elf/lib/mno-hw-mul\libc.a(lib_a-int_errno.o)
 .debug_abbrev  0x0000000000002478       0x7f c:/intelfpga_lite/18.1/nios2eds/bin/gnu/h-x86_64-mingw32/bin/../lib/gcc/nios2-elf/5.3.0/../../../../../H-x86_64-mingw32/nios2-elf/lib/mno-hw-mul\libc.a(lib_a-memcmp.o)
 .debug_abbrev  0x00000000000024f7       0xa3 c:/intelfpga_lite/18.1/nios2eds/bin/gnu/h-x86_64-mingw32/bin/../lib/gcc/nios2-elf/5.3.0/../../../../../H-x86_64-mingw32/nios2-elf/lib/mno-hw-mul\libc.a(lib_a-memcpy.o)
 .debug_abbrev  0x000000000000259a       0x90 c:/intelfpga_lite/18.1/nios2eds/bin/gnu/h-x86_64-mingw32/bin/../lib/gcc/nios2-elf/5.3.0/../../../../../H-x86_64-mingw32/nios2-elf/lib/mno-hw-mul\libc.a(lib_a-strlen.o)
 .debug_abbrev  0x000000000000262a      0x21e c:/intelfpga_lite/18.1/nios2eds/bin/gnu/h-x86_64-mingw32/bin/../lib/gcc/nios2-elf/5.3.0/../../../../../H-x86_64-mingw32/nios2-elf/lib/mno-hw-mul\libc.a(lib_a-__atexit.o)
 .debug_abbrev  0x0000000000002848      0x22e c:/intelfpga_lite/18.1/nios2eds/bin/gnu/h-x86_64-mingw32/bin/../lib/gcc/nios2-elf/5.3.0/../../../../../H-x86_64-mingw32/nios2-elf/lib/mno-hw-mul\libc.a(lib_a-__call_atexit.o)
 .debug_abbrev  0x0000000000002a76       0xa9 ../lab5_bsp/\libhal_bsp.a(alt_exit.o)

.debug_line     0x0000000000000000     0x2b53
 *(.debug_line)
 .debug_line    0x0000000000000000       0x66 ../lab5_bsp//obj/HAL/src/crt0.o
 .debug_line    0x0000000000000066       0x70 obj/default/lab5.o
 .debug_line    0x00000000000000d6       0x80 c:/intelfpga_lite/18.1/nios2eds/bin/gnu/h-x86_64-mingw32/bin/../lib/gcc/nios2-elf/5.3.0/mno-hw-mul\libgcc.a(lib2-mul.o)
 .debug_line    0x0000000000000156       0x8e ../lab5_bsp/\libhal_bsp.a(alt_load.o)
 .debug_line    0x00000000000001e4       0xa4 ../lab5_bsp/\libhal_bsp.a(alt_main.o)
 .debug_line    0x0000000000000288      0x152 ../lab5_bsp/\libhal_bsp.a(alt_sys_init.o)
 .debug_line    0x00000000000003da      0x12f ../lab5_bsp/\libhal_bsp.a(altera_avalon_jtag_uart_fd.o)
 .debug_line    0x0000000000000509      0x18b ../lab5_bsp/\libhal_bsp.a(altera_avalon_jtag_uart_init.o)
 .debug_line    0x0000000000000694      0x131 ../lab5_bsp/\libhal_bsp.a(altera_avalon_jtag_uart_ioctl.o)
 .debug_line    0x00000000000007c5      0x171 ../lab5_bsp/\libhal_bsp.a(altera_avalon_jtag_uart_read.o)
 .debug_line    0x0000000000000936      0x170 ../lab5_bsp/\libhal_bsp.a(altera_avalon_jtag_uart_write.o)
 .debug_line    0x0000000000000aa6       0xb7 ../lab5_bsp/\libhal_bsp.a(altera_avalon_spi.o)
 .debug_line    0x0000000000000b5d       0xfd ../lab5_bsp/\libhal_bsp.a(altera_avalon_timer_sc.o)
 .debug_line    0x0000000000000c5a       0xf9 ../lab5_bsp/\libhal_bsp.a(alt_alarm_start.o)
 .debug_line    0x0000000000000d53      0x165 ../lab5_bsp/\libhal_bsp.a(alt_close.o)
 .debug_line    0x0000000000000eb8       0x51 ../lab5_bsp/\libhal_bsp.a(alt_dcache_flush_all.o)
 .debug_line    0x0000000000000f09       0xf8 ../lab5_bsp/\libhal_bsp.a(alt_dev.o)
 .debug_line    0x0000000000001001       0xcf ../lab5_bsp/\libhal_bsp.a(alt_dev_llist_insert.o)
 .debug_line    0x00000000000010d0       0x59 ../lab5_bsp/\libhal_bsp.a(alt_do_ctors.o)
 .debug_line    0x0000000000001129       0x59 ../lab5_bsp/\libhal_bsp.a(alt_do_dtors.o)
 .debug_line    0x0000000000001182       0x51 ../lab5_bsp/\libhal_bsp.a(alt_errno.o)
 .debug_line    0x00000000000011d3       0x4f ../lab5_bsp/\libhal_bsp.a(alt_icache_flush_all.o)
 .debug_line    0x0000000000001222       0xeb ../lab5_bsp/\libhal_bsp.a(alt_iic.o)
 .debug_line    0x000000000000130d       0xdb ../lab5_bsp/\libhal_bsp.a(alt_iic_isr_register.o)
 .debug_line    0x00000000000013e8      0x135 ../lab5_bsp/\libhal_bsp.a(alt_io_redirect.o)
 .debug_line    0x000000000000151d       0x6b ../lab5_bsp/\libhal_bsp.a(alt_irq_entry.o)
 .debug_line    0x0000000000001588       0xaa ../lab5_bsp/\libhal_bsp.a(alt_irq_handler.o)
 .debug_line    0x0000000000001632       0x50 ../lab5_bsp/\libhal_bsp.a(alt_irq_vars.o)
 .debug_line    0x0000000000001682      0x12b ../lab5_bsp/\libhal_bsp.a(alt_open.o)
 .debug_line    0x00000000000017ad       0xb0 ../lab5_bsp/\libhal_bsp.a(alt_release_fd.o)
 .debug_line    0x000000000000185d       0xff ../lab5_bsp/\libhal_bsp.a(alt_tick.o)
 .debug_line    0x000000000000195c       0x51 ../lab5_bsp/\libhal_bsp.a(altera_nios2_gen2_irq.o)
 .debug_line    0x00000000000019ad       0xb3 ../lab5_bsp/\libhal_bsp.a(alt_exception_entry.o)
 .debug_line    0x0000000000001a60       0xb5 ../lab5_bsp/\libhal_bsp.a(alt_find_dev.o)
 .debug_line    0x0000000000001b15       0xd1 ../lab5_bsp/\libhal_bsp.a(alt_find_file.o)
 .debug_line    0x0000000000001be6       0xd7 ../lab5_bsp/\libhal_bsp.a(alt_get_fd.o)
 .debug_line    0x0000000000001cbd       0xb9 ../lab5_bsp/\libhal_bsp.a(alt_instruction_exception_entry.o)
 .debug_line    0x0000000000001d76       0xe7 c:/intelfpga_lite/18.1/nios2eds/bin/gnu/h-x86_64-mingw32/bin/../lib/gcc/nios2-elf/5.3.0/../../../../../H-x86_64-mingw32/nios2-elf/lib/mno-hw-mul\libc.a(lib_a-atexit.o)
 .debug_line    0x0000000000001e5d      0x1fc c:/intelfpga_lite/18.1/nios2eds/bin/gnu/h-x86_64-mingw32/bin/../lib/gcc/nios2-elf/5.3.0/../../../../../H-x86_64-mingw32/nios2-elf/lib/mno-hw-mul\libc.a(lib_a-exit.o)
 .debug_line    0x0000000000002059      0x160 c:/intelfpga_lite/18.1/nios2eds/bin/gnu/h-x86_64-mingw32/bin/../lib/gcc/nios2-elf/5.3.0/../../../../../H-x86_64-mingw32/nios2-elf/lib/mno-hw-mul\libc.a(lib_a-impure.o)
 .debug_line    0x00000000000021b9       0x5f c:/intelfpga_lite/18.1/nios2eds/bin/gnu/h-x86_64-mingw32/bin/../lib/gcc/nios2-elf/5.3.0/../../../../../H-x86_64-mingw32/nios2-elf/lib/mno-hw-mul\libc.a(lib_a-int_errno.o)
 .debug_line    0x0000000000002218      0x176 c:/intelfpga_lite/18.1/nios2eds/bin/gnu/h-x86_64-mingw32/bin/../lib/gcc/nios2-elf/5.3.0/../../../../../H-x86_64-mingw32/nios2-elf/lib/mno-hw-mul\libc.a(lib_a-memcmp.o)
 .debug_line    0x000000000000238e      0x18c c:/intelfpga_lite/18.1/nios2eds/bin/gnu/h-x86_64-mingw32/bin/../lib/gcc/nios2-elf/5.3.0/../../../../../H-x86_64-mingw32/nios2-elf/lib/mno-hw-mul\libc.a(lib_a-memcpy.o)
 .debug_line    0x000000000000251a      0x16f c:/intelfpga_lite/18.1/nios2eds/bin/gnu/h-x86_64-mingw32/bin/../lib/gcc/nios2-elf/5.3.0/../../../../../H-x86_64-mingw32/nios2-elf/lib/mno-hw-mul\libc.a(lib_a-strlen.o)
 .debug_line    0x0000000000002689      0x21f c:/intelfpga_lite/18.1/nios2eds/bin/gnu/h-x86_64-mingw32/bin/../lib/gcc/nios2-elf/5.3.0/../../../../../H-x86_64-mingw32/nios2-elf/lib/mno-hw-mul\libc.a(lib_a-__atexit.o)
 .debug_line    0x00000000000028a8      0x23a c:/intelfpga_lite/18.1/nios2eds/bin/gnu/h-x86_64-mingw32/bin/../lib/gcc/nios2-elf/5.3.0/../../../../../H-x86_64-mingw32/nios2-elf/lib/mno-hw-mul\libc.a(lib_a-__call_atexit.o)
 .debug_line    0x0000000000002ae2       0x71 ../lab5_bsp/\libhal_bsp.a(alt_exit.o)

.debug_frame    0x0000000000000000      0xb44
 *(.debug_frame)
 .debug_frame   0x0000000000000000       0x38 obj/default/lab5.o
 .debug_frame   0x0000000000000038       0x20 c:/intelfpga_lite/18.1/nios2eds/bin/gnu/h-x86_64-mingw32/bin/../lib/gcc/nios2-elf/5.3.0/mno-hw-mul\libgcc.a(lib2-mul.o)
 .debug_frame   0x0000000000000058       0x5c ../lab5_bsp/\libhal_bsp.a(alt_load.o)
 .debug_frame   0x00000000000000b4       0x2c ../lab5_bsp/\libhal_bsp.a(alt_main.o)
 .debug_frame   0x00000000000000e0       0x88 ../lab5_bsp/\libhal_bsp.a(alt_sys_init.o)
 .debug_frame   0x0000000000000168       0xb0 ../lab5_bsp/\libhal_bsp.a(altera_avalon_jtag_uart_fd.o)
 .debug_frame   0x0000000000000218       0xa4 ../lab5_bsp/\libhal_bsp.a(altera_avalon_jtag_uart_init.o)
 .debug_frame   0x00000000000002bc       0x34 ../lab5_bsp/\libhal_bsp.a(altera_avalon_jtag_uart_ioctl.o)
 .debug_frame   0x00000000000002f0       0x38 ../lab5_bsp/\libhal_bsp.a(altera_avalon_jtag_uart_read.o)
 .debug_frame   0x0000000000000328       0x38 ../lab5_bsp/\libhal_bsp.a(altera_avalon_jtag_uart_write.o)
 .debug_frame   0x0000000000000360       0x34 ../lab5_bsp/\libhal_bsp.a(altera_avalon_spi.o)
 .debug_frame   0x0000000000000394       0x60 ../lab5_bsp/\libhal_bsp.a(altera_avalon_timer_sc.o)
 .debug_frame   0x00000000000003f4       0x34 ../lab5_bsp/\libhal_bsp.a(alt_alarm_start.o)
 .debug_frame   0x0000000000000428       0x60 ../lab5_bsp/\libhal_bsp.a(alt_close.o)
 .debug_frame   0x0000000000000488       0x34 ../lab5_bsp/\libhal_bsp.a(alt_dcache_flush_all.o)
 .debug_frame   0x00000000000004bc       0x34 ../lab5_bsp/\libhal_bsp.a(alt_dev.o)
 .debug_frame   0x00000000000004f0       0x60 ../lab5_bsp/\libhal_bsp.a(alt_dev_llist_insert.o)
 .debug_frame   0x0000000000000550       0x38 ../lab5_bsp/\libhal_bsp.a(alt_do_ctors.o)
 .debug_frame   0x0000000000000588       0x38 ../lab5_bsp/\libhal_bsp.a(alt_do_dtors.o)
 .debug_frame   0x00000000000005c0       0x34 ../lab5_bsp/\libhal_bsp.a(alt_icache_flush_all.o)
 .debug_frame   0x00000000000005f4       0xa4 ../lab5_bsp/\libhal_bsp.a(alt_iic.o)
 .debug_frame   0x0000000000000698       0x38 ../lab5_bsp/\libhal_bsp.a(alt_iic_isr_register.o)
 .debug_frame   0x00000000000006d0       0x64 ../lab5_bsp/\libhal_bsp.a(alt_io_redirect.o)
 .debug_frame   0x0000000000000734       0x38 ../lab5_bsp/\libhal_bsp.a(alt_irq_handler.o)
 .debug_frame   0x000000000000076c       0x8c ../lab5_bsp/\libhal_bsp.a(alt_open.o)
 .debug_frame   0x00000000000007f8       0x3c ../lab5_bsp/\libhal_bsp.a(alt_release_fd.o)
 .debug_frame   0x0000000000000834       0x5c ../lab5_bsp/\libhal_bsp.a(alt_tick.o)
 .debug_frame   0x0000000000000890       0x34 ../lab5_bsp/\libhal_bsp.a(altera_nios2_gen2_irq.o)
 .debug_frame   0x00000000000008c4       0x38 ../lab5_bsp/\libhal_bsp.a(alt_find_dev.o)
 .debug_frame   0x00000000000008fc       0x38 ../lab5_bsp/\libhal_bsp.a(alt_find_file.o)
 .debug_frame   0x0000000000000934       0x3c ../lab5_bsp/\libhal_bsp.a(alt_get_fd.o)
 .debug_frame   0x0000000000000970       0x5c ../lab5_bsp/\libhal_bsp.a(alt_instruction_exception_entry.o)
 .debug_frame   0x00000000000009cc       0x20 c:/intelfpga_lite/18.1/nios2eds/bin/gnu/h-x86_64-mingw32/bin/../lib/gcc/nios2-elf/5.3.0/../../../../../H-x86_64-mingw32/nios2-elf/lib/mno-hw-mul\libc.a(lib_a-atexit.o)
 .debug_frame   0x00000000000009ec       0x28 c:/intelfpga_lite/18.1/nios2eds/bin/gnu/h-x86_64-mingw32/bin/../lib/gcc/nios2-elf/5.3.0/../../../../../H-x86_64-mingw32/nios2-elf/lib/mno-hw-mul\libc.a(lib_a-exit.o)
 .debug_frame   0x0000000000000a14       0x20 c:/intelfpga_lite/18.1/nios2eds/bin/gnu/h-x86_64-mingw32/bin/../lib/gcc/nios2-elf/5.3.0/../../../../../H-x86_64-mingw32/nios2-elf/lib/mno-hw-mul\libc.a(lib_a-memcmp.o)
 .debug_frame   0x0000000000000a34       0x38 c:/intelfpga_lite/18.1/nios2eds/bin/gnu/h-x86_64-mingw32/bin/../lib/gcc/nios2-elf/5.3.0/../../../../../H-x86_64-mingw32/nios2-elf/lib/mno-hw-mul\libc.a(lib_a-memcpy.o)
 .debug_frame   0x0000000000000a6c       0x20 c:/intelfpga_lite/18.1/nios2eds/bin/gnu/h-x86_64-mingw32/bin/../lib/gcc/nios2-elf/5.3.0/../../../../../H-x86_64-mingw32/nios2-elf/lib/mno-hw-mul\libc.a(lib_a-strlen.o)
 .debug_frame   0x0000000000000a8c       0x38 c:/intelfpga_lite/18.1/nios2eds/bin/gnu/h-x86_64-mingw32/bin/../lib/gcc/nios2-elf/5.3.0/../../../../../H-x86_64-mingw32/nios2-elf/lib/mno-hw-mul\libc.a(lib_a-__atexit.o)
 .debug_frame   0x0000000000000ac4       0x54 c:/intelfpga_lite/18.1/nios2eds/bin/gnu/h-x86_64-mingw32/bin/../lib/gcc/nios2-elf/5.3.0/../../../../../H-x86_64-mingw32/nios2-elf/lib/mno-hw-mul\libc.a(lib_a-__call_atexit.o)
 .debug_frame   0x0000000000000b18       0x2c ../lab5_bsp/\libhal_bsp.a(alt_exit.o)

.debug_str      0x0000000000000000     0x1cb5
 *(.debug_str)
 .debug_str     0x0000000000000000      0x104 obj/default/lab5.o
                                        0x142 (size before relaxing)
 .debug_str     0x0000000000000104      0x148 c:/intelfpga_lite/18.1/nios2eds/bin/gnu/h-x86_64-mingw32/bin/../lib/gcc/nios2-elf/5.3.0/mno-hw-mul\libgcc.a(lib2-mul.o)
                                        0x193 (size before relaxing)
 .debug_str     0x000000000000024c      0x135 ../lab5_bsp/\libhal_bsp.a(alt_load.o)
                                        0x21c (size before relaxing)
 .debug_str     0x0000000000000381       0x70 ../lab5_bsp/\libhal_bsp.a(alt_main.o)
                                        0x1a7 (size before relaxing)
 .debug_str     0x00000000000003f1      0x1d8 ../lab5_bsp/\libhal_bsp.a(alt_sys_init.o)
                                        0x398 (size before relaxing)
 .debug_str     0x00000000000005c9       0xb9 ../lab5_bsp/\libhal_bsp.a(altera_avalon_jtag_uart_fd.o)
                                        0x3ae (size before relaxing)
 .debug_str     0x0000000000000682       0xd1 ../lab5_bsp/\libhal_bsp.a(altera_avalon_jtag_uart_init.o)
                                        0x342 (size before relaxing)
 .debug_str     0x0000000000000753       0x4a ../lab5_bsp/\libhal_bsp.a(altera_avalon_jtag_uart_ioctl.o)
                                        0x29d (size before relaxing)
 .debug_str     0x000000000000079d       0x7f ../lab5_bsp/\libhal_bsp.a(altera_avalon_jtag_uart_read.o)
                                        0x2f2 (size before relaxing)
 .debug_str     0x000000000000081c       0x4a ../lab5_bsp/\libhal_bsp.a(altera_avalon_jtag_uart_write.o)
                                        0x2f3 (size before relaxing)
 .debug_str     0x0000000000000866       0xb3 ../lab5_bsp/\libhal_bsp.a(altera_avalon_spi.o)
                                        0x1ea (size before relaxing)
 .debug_str     0x0000000000000919       0x6d ../lab5_bsp/\libhal_bsp.a(altera_avalon_timer_sc.o)
                                        0x255 (size before relaxing)
 .debug_str     0x0000000000000986       0x59 ../lab5_bsp/\libhal_bsp.a(alt_alarm_start.o)
                                        0x288 (size before relaxing)
 .debug_str     0x00000000000009df       0x44 ../lab5_bsp/\libhal_bsp.a(alt_close.o)
                                        0x215 (size before relaxing)
 .debug_str     0x0000000000000a23       0x34 ../lab5_bsp/\libhal_bsp.a(alt_dcache_flush_all.o)
                                        0x15f (size before relaxing)
 .debug_str     0x0000000000000a57      0x119 ../lab5_bsp/\libhal_bsp.a(alt_dev.o)
                                        0x30f (size before relaxing)
 .debug_str     0x0000000000000b70       0x34 ../lab5_bsp/\libhal_bsp.a(alt_dev_llist_insert.o)
                                        0x1d6 (size before relaxing)
 .debug_str     0x0000000000000ba4       0x48 ../lab5_bsp/\libhal_bsp.a(alt_do_ctors.o)
                                         0xda (size before relaxing)
 .debug_str     0x0000000000000bec       0x4c ../lab5_bsp/\libhal_bsp.a(alt_do_dtors.o)
                                         0xd9 (size before relaxing)
 .debug_str     0x0000000000000c38       0x14 ../lab5_bsp/\libhal_bsp.a(alt_errno.o)
                                        0x14f (size before relaxing)
 .debug_str     0x0000000000000c4c       0x34 ../lab5_bsp/\libhal_bsp.a(alt_icache_flush_all.o)
                                        0x15f (size before relaxing)
 .debug_str     0x0000000000000c80       0xbd ../lab5_bsp/\libhal_bsp.a(alt_iic.o)
                                        0x248 (size before relaxing)
 .debug_str     0x0000000000000d3d       0x4c ../lab5_bsp/\libhal_bsp.a(alt_iic_isr_register.o)
                                        0x1f2 (size before relaxing)
 .debug_str     0x0000000000000d89       0x56 ../lab5_bsp/\libhal_bsp.a(alt_io_redirect.o)
                                        0x320 (size before relaxing)
 .debug_str     0x0000000000000ddf       0x3a ../lab5_bsp/\libhal_bsp.a(alt_irq_handler.o)
                                        0x1a1 (size before relaxing)
 .debug_str     0x0000000000000e19       0x17 ../lab5_bsp/\libhal_bsp.a(alt_irq_vars.o)
                                        0x144 (size before relaxing)
 .debug_str     0x0000000000000e30       0x2f ../lab5_bsp/\libhal_bsp.a(alt_open.o)
                                        0x255 (size before relaxing)
 .debug_str     0x0000000000000e5f       0x28 ../lab5_bsp/\libhal_bsp.a(alt_release_fd.o)
                                        0x1dd (size before relaxing)
 .debug_str     0x0000000000000e87       0x4a ../lab5_bsp/\libhal_bsp.a(alt_tick.o)
                                        0x25c (size before relaxing)
 .debug_str     0x0000000000000ed1       0x3b ../lab5_bsp/\libhal_bsp.a(altera_nios2_gen2_irq.o)
                                        0x166 (size before relaxing)
 .debug_str     0x0000000000000f0c       0x24 ../lab5_bsp/\libhal_bsp.a(alt_find_dev.o)
                                        0x1f6 (size before relaxing)
 .debug_str     0x0000000000000f30       0x26 ../lab5_bsp/\libhal_bsp.a(alt_find_file.o)
                                        0x204 (size before relaxing)
 .debug_str     0x0000000000000f56       0x30 ../lab5_bsp/\libhal_bsp.a(alt_get_fd.o)
                                        0x226 (size before relaxing)
 .debug_str     0x0000000000000f86      0x48b ../lab5_bsp/\libhal_bsp.a(alt_instruction_exception_entry.o)
                                        0x5aa (size before relaxing)
 .debug_str     0x0000000000001411      0x17c c:/intelfpga_lite/18.1/nios2eds/bin/gnu/h-x86_64-mingw32/bin/../lib/gcc/nios2-elf/5.3.0/../../../../../H-x86_64-mingw32/nios2-elf/lib/mno-hw-mul\libc.a(lib_a-atexit.o)
                                        0x221 (size before relaxing)
 .debug_str     0x000000000000158d      0x3af c:/intelfpga_lite/18.1/nios2eds/bin/gnu/h-x86_64-mingw32/bin/../lib/gcc/nios2-elf/5.3.0/../../../../../H-x86_64-mingw32/nios2-elf/lib/mno-hw-mul\libc.a(lib_a-exit.o)
                                        0x5be (size before relaxing)
 .debug_str     0x000000000000193c       0xd6 c:/intelfpga_lite/18.1/nios2eds/bin/gnu/h-x86_64-mingw32/bin/../lib/gcc/nios2-elf/5.3.0/../../../../../H-x86_64-mingw32/nios2-elf/lib/mno-hw-mul\libc.a(lib_a-impure.o)
                                        0x5b5 (size before relaxing)
 .debug_str     0x0000000000001a12       0x3f c:/intelfpga_lite/18.1/nios2eds/bin/gnu/h-x86_64-mingw32/bin/../lib/gcc/nios2-elf/5.3.0/../../../../../H-x86_64-mingw32/nios2-elf/lib/mno-hw-mul\libc.a(lib_a-int_errno.o)
                                        0x1dd (size before relaxing)
 .debug_str     0x0000000000001a51       0xda c:/intelfpga_lite/18.1/nios2eds/bin/gnu/h-x86_64-mingw32/bin/../lib/gcc/nios2-elf/5.3.0/../../../../../H-x86_64-mingw32/nios2-elf/lib/mno-hw-mul\libc.a(lib_a-memcmp.o)
                                        0x1e4 (size before relaxing)
 .debug_str     0x0000000000001b2b       0x6b c:/intelfpga_lite/18.1/nios2eds/bin/gnu/h-x86_64-mingw32/bin/../lib/gcc/nios2-elf/5.3.0/../../../../../H-x86_64-mingw32/nios2-elf/lib/mno-hw-mul\libc.a(lib_a-memcpy.o)
                                        0x20b (size before relaxing)
 .debug_str     0x0000000000001b96       0x51 c:/intelfpga_lite/18.1/nios2eds/bin/gnu/h-x86_64-mingw32/bin/../lib/gcc/nios2-elf/5.3.0/../../../../../H-x86_64-mingw32/nios2-elf/lib/mno-hw-mul\libc.a(lib_a-strlen.o)
                                        0x1f7 (size before relaxing)
 .debug_str     0x0000000000001be7       0x3f c:/intelfpga_lite/18.1/nios2eds/bin/gnu/h-x86_64-mingw32/bin/../lib/gcc/nios2-elf/5.3.0/../../../../../H-x86_64-mingw32/nios2-elf/lib/mno-hw-mul\libc.a(lib_a-__atexit.o)
                                        0x5f6 (size before relaxing)
 .debug_str     0x0000000000001c26       0x65 c:/intelfpga_lite/18.1/nios2eds/bin/gnu/h-x86_64-mingw32/bin/../lib/gcc/nios2-elf/5.3.0/../../../../../H-x86_64-mingw32/nios2-elf/lib/mno-hw-mul\libc.a(lib_a-__call_atexit.o)
                                        0x5e2 (size before relaxing)
 .debug_str     0x0000000000001c8b       0x2a ../lab5_bsp/\libhal_bsp.a(alt_exit.o)
                                        0x15b (size before relaxing)

.debug_loc      0x0000000000000000      0x803
 *(.debug_loc)
 .debug_loc     0x0000000000000000       0x93 c:/intelfpga_lite/18.1/nios2eds/bin/gnu/h-x86_64-mingw32/bin/../lib/gcc/nios2-elf/5.3.0/mno-hw-mul\libgcc.a(lib2-mul.o)
 .debug_loc     0x0000000000000093       0x2c c:/intelfpga_lite/18.1/nios2eds/bin/gnu/h-x86_64-mingw32/bin/../lib/gcc/nios2-elf/5.3.0/../../../../../H-x86_64-mingw32/nios2-elf/lib/mno-hw-mul\libc.a(lib_a-atexit.o)
 .debug_loc     0x00000000000000bf       0x1e c:/intelfpga_lite/18.1/nios2eds/bin/gnu/h-x86_64-mingw32/bin/../lib/gcc/nios2-elf/5.3.0/../../../../../H-x86_64-mingw32/nios2-elf/lib/mno-hw-mul\libc.a(lib_a-exit.o)
 .debug_loc     0x00000000000000dd      0x126 c:/intelfpga_lite/18.1/nios2eds/bin/gnu/h-x86_64-mingw32/bin/../lib/gcc/nios2-elf/5.3.0/../../../../../H-x86_64-mingw32/nios2-elf/lib/mno-hw-mul\libc.a(lib_a-memcmp.o)
 .debug_loc     0x0000000000000203      0x266 c:/intelfpga_lite/18.1/nios2eds/bin/gnu/h-x86_64-mingw32/bin/../lib/gcc/nios2-elf/5.3.0/../../../../../H-x86_64-mingw32/nios2-elf/lib/mno-hw-mul\libc.a(lib_a-memcpy.o)
 .debug_loc     0x0000000000000469       0x47 c:/intelfpga_lite/18.1/nios2eds/bin/gnu/h-x86_64-mingw32/bin/../lib/gcc/nios2-elf/5.3.0/../../../../../H-x86_64-mingw32/nios2-elf/lib/mno-hw-mul\libc.a(lib_a-strlen.o)
 .debug_loc     0x00000000000004b0      0x185 c:/intelfpga_lite/18.1/nios2eds/bin/gnu/h-x86_64-mingw32/bin/../lib/gcc/nios2-elf/5.3.0/../../../../../H-x86_64-mingw32/nios2-elf/lib/mno-hw-mul\libc.a(lib_a-__atexit.o)
 .debug_loc     0x0000000000000635      0x1ce c:/intelfpga_lite/18.1/nios2eds/bin/gnu/h-x86_64-mingw32/bin/../lib/gcc/nios2-elf/5.3.0/../../../../../H-x86_64-mingw32/nios2-elf/lib/mno-hw-mul\libc.a(lib_a-__call_atexit.o)

.debug_macinfo
 *(.debug_macinfo)

.debug_weaknames
 *(.debug_weaknames)

.debug_funcnames
 *(.debug_funcnames)

.debug_typenames
 *(.debug_typenames)

.debug_varnames
 *(.debug_varnames)

.debug_alt_sim_info
                0x0000000000000000       0x10
 *(.debug_alt_sim_info)
 .debug_alt_sim_info
                0x0000000000000000       0x10 ../lab5_bsp//obj/HAL/src/crt0.o
                0x000000000001c000                __alt_data_end = 0x1c000
                0x000000000001c000                PROVIDE (__alt_stack_pointer, __alt_data_end)
                [!provide]                        PROVIDE (__alt_stack_limit, __alt_stack_base)
                [!provide]                        PROVIDE (__alt_heap_start, end)
                [!provide]                        PROVIDE (__alt_heap_limit, 0x1c000)
OUTPUT(lab5.elf elf32-littlenios2)

.debug_ranges   0x0000000000000000      0x178
 .debug_ranges  0x0000000000000000       0x20 ../lab5_bsp//obj/HAL/src/crt0.o
 .debug_ranges  0x0000000000000020       0x30 ../lab5_bsp/\libhal_bsp.a(altera_avalon_jtag_uart_init.o)
 .debug_ranges  0x0000000000000050       0x18 ../lab5_bsp/\libhal_bsp.a(altera_avalon_jtag_uart_read.o)
 .debug_ranges  0x0000000000000068       0x28 ../lab5_bsp/\libhal_bsp.a(alt_irq_entry.o)
 .debug_ranges  0x0000000000000090       0x10 ../lab5_bsp/\libhal_bsp.a(alt_irq_handler.o)
 .debug_ranges  0x00000000000000a0       0x30 ../lab5_bsp/\libhal_bsp.a(alt_exception_entry.o)
 .debug_ranges  0x00000000000000d0       0x18 ../lab5_bsp/\libhal_bsp.a(alt_instruction_exception_entry.o)
 .debug_ranges  0x00000000000000e8       0x10 c:/intelfpga_lite/18.1/nios2eds/bin/gnu/h-x86_64-mingw32/bin/../lib/gcc/nios2-elf/5.3.0/../../../../../H-x86_64-mingw32/nios2-elf/lib/mno-hw-mul\libc.a(lib_a-atexit.o)
 .debug_ranges  0x00000000000000f8       0x10 c:/intelfpga_lite/18.1/nios2eds/bin/gnu/h-x86_64-mingw32/bin/../lib/gcc/nios2-elf/5.3.0/../../../../../H-x86_64-mingw32/nios2-elf/lib/mno-hw-mul\libc.a(lib_a-exit.o)
 .debug_ranges  0x0000000000000108       0x10 c:/intelfpga_lite/18.1/nios2eds/bin/gnu/h-x86_64-mingw32/bin/../lib/gcc/nios2-elf/5.3.0/../../../../../H-x86_64-mingw32/nios2-elf/lib/mno-hw-mul\libc.a(lib_a-memcmp.o)
 .debug_ranges  0x0000000000000118       0x10 c:/intelfpga_lite/18.1/nios2eds/bin/gnu/h-x86_64-mingw32/bin/../lib/gcc/nios2-elf/5.3.0/../../../../../H-x86_64-mingw32/nios2-elf/lib/mno-hw-mul\libc.a(lib_a-memcpy.o)
 .debug_ranges  0x0000000000000128       0x10 c:/intelfpga_lite/18.1/nios2eds/bin/gnu/h-x86_64-mingw32/bin/../lib/gcc/nios2-elf/5.3.0/../../../../../H-x86_64-mingw32/nios2-elf/lib/mno-hw-mul\libc.a(lib_a-strlen.o)
 .debug_ranges  0x0000000000000138       0x10 c:/intelfpga_lite/18.1/nios2eds/bin/gnu/h-x86_64-mingw32/bin/../lib/gcc/nios2-elf/5.3.0/../../../../../H-x86_64-mingw32/nios2-elf/lib/mno-hw-mul\libc.a(lib_a-__atexit.o)
 .debug_ranges  0x0000000000000148       0x30 c:/intelfpga_lite/18.1/nios2eds/bin/gnu/h-x86_64-mingw32/bin/../lib/gcc/nios2-elf/5.3.0/../../../../../H-x86_64-mingw32/nios2-elf/lib/mno-hw-mul\libc.a(lib_a-__call_atexit.o)
